<?xml version="1.0" encoding="ISO-8859-1" ?>
<link_info>
   <banner>MSP430 Linker PC v21.6.1.LTS</banner>
   <copyright>Copyright (c) 2003-2018 Texas Instruments Incorporated</copyright>
   <link_time>0x67d61518</link_time>
   <link_errors>0x0</link_errors>
   <output_file>sdhs_ex1_8msps_sampling.out</output_file>
   <entry_point>
      <name>_c_int00_noargs_mpu</name>
      <address>0x4024</address>
   </entry_point>
   <input_file_list>
      <input_file id="fl-2">
         <path>.\</path>
         <kind>object</kind>
         <file>sdhs_ex1_8msps_sampling.obj</file>
         <name>sdhs_ex1_8msps_sampling.obj</name>
      </input_file>
      <input_file id="fl-3">
         <path>.\driverlib\MSP430FR5xx_6xx\</path>
         <kind>object</kind>
         <file>adc12_b.obj</file>
         <name>adc12_b.obj</name>
      </input_file>
      <input_file id="fl-4">
         <path>.\driverlib\MSP430FR5xx_6xx\</path>
         <kind>object</kind>
         <file>aes256.obj</file>
         <name>aes256.obj</name>
      </input_file>
      <input_file id="fl-5">
         <path>.\driverlib\MSP430FR5xx_6xx\</path>
         <kind>object</kind>
         <file>comp_e.obj</file>
         <name>comp_e.obj</name>
      </input_file>
      <input_file id="fl-6">
         <path>.\driverlib\MSP430FR5xx_6xx\</path>
         <kind>object</kind>
         <file>crc.obj</file>
         <name>crc.obj</name>
      </input_file>
      <input_file id="fl-7">
         <path>.\driverlib\MSP430FR5xx_6xx\</path>
         <kind>object</kind>
         <file>crc32.obj</file>
         <name>crc32.obj</name>
      </input_file>
      <input_file id="fl-8">
         <path>.\driverlib\MSP430FR5xx_6xx\</path>
         <kind>object</kind>
         <file>cs.obj</file>
         <name>cs.obj</name>
      </input_file>
      <input_file id="fl-9">
         <path>.\driverlib\MSP430FR5xx_6xx\</path>
         <kind>object</kind>
         <file>dma.obj</file>
         <name>dma.obj</name>
      </input_file>
      <input_file id="fl-a">
         <path>.\driverlib\MSP430FR5xx_6xx\</path>
         <kind>object</kind>
         <file>esi.obj</file>
         <name>esi.obj</name>
      </input_file>
      <input_file id="fl-b">
         <path>.\driverlib\MSP430FR5xx_6xx\</path>
         <kind>object</kind>
         <file>eusci_a_spi.obj</file>
         <name>eusci_a_spi.obj</name>
      </input_file>
      <input_file id="fl-c">
         <path>.\driverlib\MSP430FR5xx_6xx\</path>
         <kind>object</kind>
         <file>eusci_a_uart.obj</file>
         <name>eusci_a_uart.obj</name>
      </input_file>
      <input_file id="fl-d">
         <path>.\driverlib\MSP430FR5xx_6xx\</path>
         <kind>object</kind>
         <file>eusci_b_i2c.obj</file>
         <name>eusci_b_i2c.obj</name>
      </input_file>
      <input_file id="fl-e">
         <path>.\driverlib\MSP430FR5xx_6xx\</path>
         <kind>object</kind>
         <file>eusci_b_spi.obj</file>
         <name>eusci_b_spi.obj</name>
      </input_file>
      <input_file id="fl-f">
         <path>.\driverlib\MSP430FR5xx_6xx\</path>
         <kind>object</kind>
         <file>framctl.obj</file>
         <name>framctl.obj</name>
      </input_file>
      <input_file id="fl-10">
         <path>.\driverlib\MSP430FR5xx_6xx\</path>
         <kind>object</kind>
         <file>framctl_a.obj</file>
         <name>framctl_a.obj</name>
      </input_file>
      <input_file id="fl-11">
         <path>.\driverlib\MSP430FR5xx_6xx\</path>
         <kind>object</kind>
         <file>gpio.obj</file>
         <name>gpio.obj</name>
      </input_file>
      <input_file id="fl-12">
         <path>.\driverlib\MSP430FR5xx_6xx\</path>
         <kind>object</kind>
         <file>hspll.obj</file>
         <name>hspll.obj</name>
      </input_file>
      <input_file id="fl-13">
         <path>.\driverlib\MSP430FR5xx_6xx\</path>
         <kind>object</kind>
         <file>lcd_c.obj</file>
         <name>lcd_c.obj</name>
      </input_file>
      <input_file id="fl-14">
         <path>.\driverlib\MSP430FR5xx_6xx\</path>
         <kind>object</kind>
         <file>mpu.obj</file>
         <name>mpu.obj</name>
      </input_file>
      <input_file id="fl-15">
         <path>.\driverlib\MSP430FR5xx_6xx\</path>
         <kind>object</kind>
         <file>mpy32.obj</file>
         <name>mpy32.obj</name>
      </input_file>
      <input_file id="fl-16">
         <path>.\driverlib\MSP430FR5xx_6xx\</path>
         <kind>object</kind>
         <file>mtif.obj</file>
         <name>mtif.obj</name>
      </input_file>
      <input_file id="fl-17">
         <path>.\driverlib\MSP430FR5xx_6xx\</path>
         <kind>object</kind>
         <file>pmm.obj</file>
         <name>pmm.obj</name>
      </input_file>
      <input_file id="fl-18">
         <path>.\driverlib\MSP430FR5xx_6xx\</path>
         <kind>object</kind>
         <file>ram.obj</file>
         <name>ram.obj</name>
      </input_file>
      <input_file id="fl-19">
         <path>.\driverlib\MSP430FR5xx_6xx\</path>
         <kind>object</kind>
         <file>ref_a.obj</file>
         <name>ref_a.obj</name>
      </input_file>
      <input_file id="fl-1a">
         <path>.\driverlib\MSP430FR5xx_6xx\</path>
         <kind>object</kind>
         <file>rtc_b.obj</file>
         <name>rtc_b.obj</name>
      </input_file>
      <input_file id="fl-1b">
         <path>.\driverlib\MSP430FR5xx_6xx\</path>
         <kind>object</kind>
         <file>rtc_c.obj</file>
         <name>rtc_c.obj</name>
      </input_file>
      <input_file id="fl-1c">
         <path>.\driverlib\MSP430FR5xx_6xx\</path>
         <kind>object</kind>
         <file>saph.obj</file>
         <name>saph.obj</name>
      </input_file>
      <input_file id="fl-1d">
         <path>.\driverlib\MSP430FR5xx_6xx\</path>
         <kind>object</kind>
         <file>saph_a.obj</file>
         <name>saph_a.obj</name>
      </input_file>
      <input_file id="fl-1e">
         <path>.\driverlib\MSP430FR5xx_6xx\</path>
         <kind>object</kind>
         <file>sdhs.obj</file>
         <name>sdhs.obj</name>
      </input_file>
      <input_file id="fl-1f">
         <path>.\driverlib\MSP430FR5xx_6xx\</path>
         <kind>object</kind>
         <file>sfr.obj</file>
         <name>sfr.obj</name>
      </input_file>
      <input_file id="fl-20">
         <path>.\driverlib\MSP430FR5xx_6xx\</path>
         <kind>object</kind>
         <file>sysctl.obj</file>
         <name>sysctl.obj</name>
      </input_file>
      <input_file id="fl-21">
         <path>.\driverlib\MSP430FR5xx_6xx\</path>
         <kind>object</kind>
         <file>timer_a.obj</file>
         <name>timer_a.obj</name>
      </input_file>
      <input_file id="fl-22">
         <path>.\driverlib\MSP430FR5xx_6xx\</path>
         <kind>object</kind>
         <file>timer_b.obj</file>
         <name>timer_b.obj</name>
      </input_file>
      <input_file id="fl-23">
         <path>.\driverlib\MSP430FR5xx_6xx\</path>
         <kind>object</kind>
         <file>tlv.obj</file>
         <name>tlv.obj</name>
      </input_file>
      <input_file id="fl-24">
         <path>.\driverlib\MSP430FR5xx_6xx\</path>
         <kind>object</kind>
         <file>uups.obj</file>
         <name>uups.obj</name>
      </input_file>
      <input_file id="fl-25">
         <path>.\driverlib\MSP430FR5xx_6xx\</path>
         <kind>object</kind>
         <file>wdt_a.obj</file>
         <name>wdt_a.obj</name>
      </input_file>
      <input_file id="fl-2c">
         <kind>object</kind>
         <file>&lt;internal&gt;</file>
         <name>&lt;internal&gt;</name>
      </input_file>
      <input_file id="fl-4c">
         <path>C:\ti\ccs2002\ccs\tools\compiler\ti-cgt-msp430_21.6.1.LTS\lib\</path>
         <kind>archive</kind>
         <file>rts430x_lc_rd_eabi.lib</file>
         <name>copy_decompress_lzss.c.obj</name>
      </input_file>
      <input_file id="fl-4d">
         <path>C:\ti\ccs2002\ccs\tools\compiler\ti-cgt-msp430_21.6.1.LTS\lib\</path>
         <kind>archive</kind>
         <file>rts430x_lc_rd_eabi.lib</file>
         <name>copy_decompress_none.c.obj</name>
      </input_file>
      <input_file id="fl-4e">
         <path>C:\ti\ccs2002\ccs\tools\compiler\ti-cgt-msp430_21.6.1.LTS\lib\</path>
         <kind>archive</kind>
         <file>rts430x_lc_rd_eabi.lib</file>
         <name>int15.asm.obj</name>
      </input_file>
      <input_file id="fl-4f">
         <path>C:\ti\ccs2002\ccs\tools\compiler\ti-cgt-msp430_21.6.1.LTS\lib\</path>
         <kind>archive</kind>
         <file>rts430x_lc_rd_eabi.lib</file>
         <name>isr_trap.asm.obj</name>
      </input_file>
      <input_file id="fl-50">
         <path>C:\ti\ccs2002\ccs\tools\compiler\ti-cgt-msp430_21.6.1.LTS\lib\</path>
         <kind>archive</kind>
         <file>rts430x_lc_rd_eabi.lib</file>
         <name>int16.asm.obj</name>
      </input_file>
      <input_file id="fl-51">
         <path>C:\ti\ccs2002\ccs\tools\compiler\ti-cgt-msp430_21.6.1.LTS\lib\</path>
         <kind>archive</kind>
         <file>rts430x_lc_rd_eabi.lib</file>
         <name>int17.asm.obj</name>
      </input_file>
      <input_file id="fl-52">
         <path>C:\ti\ccs2002\ccs\tools\compiler\ti-cgt-msp430_21.6.1.LTS\lib\</path>
         <kind>archive</kind>
         <file>rts430x_lc_rd_eabi.lib</file>
         <name>int18.asm.obj</name>
      </input_file>
      <input_file id="fl-53">
         <path>C:\ti\ccs2002\ccs\tools\compiler\ti-cgt-msp430_21.6.1.LTS\lib\</path>
         <kind>archive</kind>
         <file>rts430x_lc_rd_eabi.lib</file>
         <name>int19.asm.obj</name>
      </input_file>
      <input_file id="fl-54">
         <path>C:\ti\ccs2002\ccs\tools\compiler\ti-cgt-msp430_21.6.1.LTS\lib\</path>
         <kind>archive</kind>
         <file>rts430x_lc_rd_eabi.lib</file>
         <name>int20.asm.obj</name>
      </input_file>
      <input_file id="fl-55">
         <path>C:\ti\ccs2002\ccs\tools\compiler\ti-cgt-msp430_21.6.1.LTS\lib\</path>
         <kind>archive</kind>
         <file>rts430x_lc_rd_eabi.lib</file>
         <name>int21.asm.obj</name>
      </input_file>
      <input_file id="fl-56">
         <path>C:\ti\ccs2002\ccs\tools\compiler\ti-cgt-msp430_21.6.1.LTS\lib\</path>
         <kind>archive</kind>
         <file>rts430x_lc_rd_eabi.lib</file>
         <name>int22.asm.obj</name>
      </input_file>
      <input_file id="fl-57">
         <path>C:\ti\ccs2002\ccs\tools\compiler\ti-cgt-msp430_21.6.1.LTS\lib\</path>
         <kind>archive</kind>
         <file>rts430x_lc_rd_eabi.lib</file>
         <name>int23.asm.obj</name>
      </input_file>
      <input_file id="fl-58">
         <path>C:\ti\ccs2002\ccs\tools\compiler\ti-cgt-msp430_21.6.1.LTS\lib\</path>
         <kind>archive</kind>
         <file>rts430x_lc_rd_eabi.lib</file>
         <name>int24.asm.obj</name>
      </input_file>
      <input_file id="fl-59">
         <path>C:\ti\ccs2002\ccs\tools\compiler\ti-cgt-msp430_21.6.1.LTS\lib\</path>
         <kind>archive</kind>
         <file>rts430x_lc_rd_eabi.lib</file>
         <name>int25.asm.obj</name>
      </input_file>
      <input_file id="fl-5a">
         <path>C:\ti\ccs2002\ccs\tools\compiler\ti-cgt-msp430_21.6.1.LTS\lib\</path>
         <kind>archive</kind>
         <file>rts430x_lc_rd_eabi.lib</file>
         <name>int26.asm.obj</name>
      </input_file>
      <input_file id="fl-5b">
         <path>C:\ti\ccs2002\ccs\tools\compiler\ti-cgt-msp430_21.6.1.LTS\lib\</path>
         <kind>archive</kind>
         <file>rts430x_lc_rd_eabi.lib</file>
         <name>int27.asm.obj</name>
      </input_file>
      <input_file id="fl-5c">
         <path>C:\ti\ccs2002\ccs\tools\compiler\ti-cgt-msp430_21.6.1.LTS\lib\</path>
         <kind>archive</kind>
         <file>rts430x_lc_rd_eabi.lib</file>
         <name>int29.asm.obj</name>
      </input_file>
      <input_file id="fl-5d">
         <path>C:\ti\ccs2002\ccs\tools\compiler\ti-cgt-msp430_21.6.1.LTS\lib\</path>
         <kind>archive</kind>
         <file>rts430x_lc_rd_eabi.lib</file>
         <name>int30.asm.obj</name>
      </input_file>
      <input_file id="fl-5e">
         <path>C:\ti\ccs2002\ccs\tools\compiler\ti-cgt-msp430_21.6.1.LTS\lib\</path>
         <kind>archive</kind>
         <file>rts430x_lc_rd_eabi.lib</file>
         <name>int31.asm.obj</name>
      </input_file>
      <input_file id="fl-5f">
         <path>C:\ti\ccs2002\ccs\tools\compiler\ti-cgt-msp430_21.6.1.LTS\lib\</path>
         <kind>archive</kind>
         <file>rts430x_lc_rd_eabi.lib</file>
         <name>int32.asm.obj</name>
      </input_file>
      <input_file id="fl-60">
         <path>C:\ti\ccs2002\ccs\tools\compiler\ti-cgt-msp430_21.6.1.LTS\lib\</path>
         <kind>archive</kind>
         <file>rts430x_lc_rd_eabi.lib</file>
         <name>int33.asm.obj</name>
      </input_file>
      <input_file id="fl-61">
         <path>C:\ti\ccs2002\ccs\tools\compiler\ti-cgt-msp430_21.6.1.LTS\lib\</path>
         <kind>archive</kind>
         <file>rts430x_lc_rd_eabi.lib</file>
         <name>int34.asm.obj</name>
      </input_file>
      <input_file id="fl-62">
         <path>C:\ti\ccs2002\ccs\tools\compiler\ti-cgt-msp430_21.6.1.LTS\lib\</path>
         <kind>archive</kind>
         <file>rts430x_lc_rd_eabi.lib</file>
         <name>int35.asm.obj</name>
      </input_file>
      <input_file id="fl-63">
         <path>C:\ti\ccs2002\ccs\tools\compiler\ti-cgt-msp430_21.6.1.LTS\lib\</path>
         <kind>archive</kind>
         <file>rts430x_lc_rd_eabi.lib</file>
         <name>int36.asm.obj</name>
      </input_file>
      <input_file id="fl-64">
         <path>C:\ti\ccs2002\ccs\tools\compiler\ti-cgt-msp430_21.6.1.LTS\lib\</path>
         <kind>archive</kind>
         <file>rts430x_lc_rd_eabi.lib</file>
         <name>int38.asm.obj</name>
      </input_file>
      <input_file id="fl-65">
         <path>C:\ti\ccs2002\ccs\tools\compiler\ti-cgt-msp430_21.6.1.LTS\lib\</path>
         <kind>archive</kind>
         <file>rts430x_lc_rd_eabi.lib</file>
         <name>int39.asm.obj</name>
      </input_file>
      <input_file id="fl-66">
         <path>C:\ti\ccs2002\ccs\tools\compiler\ti-cgt-msp430_21.6.1.LTS\lib\</path>
         <kind>archive</kind>
         <file>rts430x_lc_rd_eabi.lib</file>
         <name>int40.asm.obj</name>
      </input_file>
      <input_file id="fl-67">
         <path>C:\ti\ccs2002\ccs\tools\compiler\ti-cgt-msp430_21.6.1.LTS\lib\</path>
         <kind>archive</kind>
         <file>rts430x_lc_rd_eabi.lib</file>
         <name>int41.asm.obj</name>
      </input_file>
      <input_file id="fl-68">
         <path>C:\ti\ccs2002\ccs\tools\compiler\ti-cgt-msp430_21.6.1.LTS\lib\</path>
         <kind>archive</kind>
         <file>rts430x_lc_rd_eabi.lib</file>
         <name>int42.asm.obj</name>
      </input_file>
      <input_file id="fl-69">
         <path>C:\ti\ccs2002\ccs\tools\compiler\ti-cgt-msp430_21.6.1.LTS\lib\</path>
         <kind>archive</kind>
         <file>rts430x_lc_rd_eabi.lib</file>
         <name>int43.asm.obj</name>
      </input_file>
      <input_file id="fl-6a">
         <path>C:\ti\ccs2002\ccs\tools\compiler\ti-cgt-msp430_21.6.1.LTS\lib\</path>
         <kind>archive</kind>
         <file>rts430x_lc_rd_eabi.lib</file>
         <name>int44.asm.obj</name>
      </input_file>
      <input_file id="fl-6b">
         <path>C:\ti\ccs2002\ccs\tools\compiler\ti-cgt-msp430_21.6.1.LTS\lib\</path>
         <kind>archive</kind>
         <file>rts430x_lc_rd_eabi.lib</file>
         <name>int45.asm.obj</name>
      </input_file>
      <input_file id="fl-6c">
         <path>C:\ti\ccs2002\ccs\tools\compiler\ti-cgt-msp430_21.6.1.LTS\lib\</path>
         <kind>archive</kind>
         <file>rts430x_lc_rd_eabi.lib</file>
         <name>int46.asm.obj</name>
      </input_file>
      <input_file id="fl-6d">
         <path>C:\ti\ccs2002\ccs\tools\compiler\ti-cgt-msp430_21.6.1.LTS\lib\</path>
         <kind>archive</kind>
         <file>rts430x_lc_rd_eabi.lib</file>
         <name>int47.asm.obj</name>
      </input_file>
      <input_file id="fl-6e">
         <path>C:\ti\ccs2002\ccs\tools\compiler\ti-cgt-msp430_21.6.1.LTS\lib\</path>
         <kind>archive</kind>
         <file>rts430x_lc_rd_eabi.lib</file>
         <name>int48.asm.obj</name>
      </input_file>
      <input_file id="fl-6f">
         <path>C:\ti\ccs2002\ccs\tools\compiler\ti-cgt-msp430_21.6.1.LTS\lib\</path>
         <kind>archive</kind>
         <file>rts430x_lc_rd_eabi.lib</file>
         <name>int49.asm.obj</name>
      </input_file>
      <input_file id="fl-70">
         <path>C:\ti\ccs2002\ccs\tools\compiler\ti-cgt-msp430_21.6.1.LTS\lib\</path>
         <kind>archive</kind>
         <file>rts430x_lc_rd_eabi.lib</file>
         <name>int50.asm.obj</name>
      </input_file>
      <input_file id="fl-71">
         <path>C:\ti\ccs2002\ccs\tools\compiler\ti-cgt-msp430_21.6.1.LTS\lib\</path>
         <kind>archive</kind>
         <file>rts430x_lc_rd_eabi.lib</file>
         <name>int51.asm.obj</name>
      </input_file>
      <input_file id="fl-72">
         <path>C:\ti\ccs2002\ccs\tools\compiler\ti-cgt-msp430_21.6.1.LTS\lib\</path>
         <kind>archive</kind>
         <file>rts430x_lc_rd_eabi.lib</file>
         <name>int52.asm.obj</name>
      </input_file>
      <input_file id="fl-73">
         <path>C:\ti\ccs2002\ccs\tools\compiler\ti-cgt-msp430_21.6.1.LTS\lib\</path>
         <kind>archive</kind>
         <file>rts430x_lc_rd_eabi.lib</file>
         <name>int53.asm.obj</name>
      </input_file>
      <input_file id="fl-74">
         <path>C:\ti\ccs2002\ccs\tools\compiler\ti-cgt-msp430_21.6.1.LTS\lib\</path>
         <kind>archive</kind>
         <file>rts430x_lc_rd_eabi.lib</file>
         <name>int54.asm.obj</name>
      </input_file>
      <input_file id="fl-75">
         <path>C:\ti\ccs2002\ccs\tools\compiler\ti-cgt-msp430_21.6.1.LTS\lib\</path>
         <kind>archive</kind>
         <file>rts430x_lc_rd_eabi.lib</file>
         <name>copy_zero_init.c.obj</name>
      </input_file>
      <input_file id="fl-76">
         <path>C:\ti\ccs2002\ccs\tools\compiler\ti-cgt-msp430_21.6.1.LTS\lib\</path>
         <kind>archive</kind>
         <file>rts430x_lc_rd_eabi.lib</file>
         <name>div16s.asm.obj</name>
      </input_file>
      <input_file id="fl-77">
         <path>C:\ti\ccs2002\ccs\tools\compiler\ti-cgt-msp430_21.6.1.LTS\lib\</path>
         <kind>archive</kind>
         <file>rts430x_lc_rd_eabi.lib</file>
         <name>div32s.asm.obj</name>
      </input_file>
      <input_file id="fl-78">
         <path>C:\ti\ccs2002\ccs\tools\compiler\ti-cgt-msp430_21.6.1.LTS\lib\</path>
         <kind>archive</kind>
         <file>rts430x_lc_rd_eabi.lib</file>
         <name>div16u.asm.obj</name>
      </input_file>
      <input_file id="fl-79">
         <path>C:\ti\ccs2002\ccs\tools\compiler\ti-cgt-msp430_21.6.1.LTS\lib\</path>
         <kind>archive</kind>
         <file>rts430x_lc_rd_eabi.lib</file>
         <name>div32u.asm.obj</name>
      </input_file>
      <input_file id="fl-7a">
         <path>C:\ti\ccs2002\ccs\tools\compiler\ti-cgt-msp430_21.6.1.LTS\lib\</path>
         <kind>archive</kind>
         <file>rts430x_lc_rd_eabi.lib</file>
         <name>mult16.asm.obj</name>
      </input_file>
      <input_file id="fl-7b">
         <path>C:\ti\ccs2002\ccs\tools\compiler\ti-cgt-msp430_21.6.1.LTS\lib\</path>
         <kind>archive</kind>
         <file>rts430x_lc_rd_eabi.lib</file>
         <name>mult16_f5hw.asm.obj</name>
      </input_file>
      <input_file id="fl-7c">
         <path>C:\ti\ccs2002\ccs\tools\compiler\ti-cgt-msp430_21.6.1.LTS\lib\</path>
         <kind>archive</kind>
         <file>rts430x_lc_rd_eabi.lib</file>
         <name>mult32_f5hw.asm.obj</name>
      </input_file>
      <input_file id="fl-7d">
         <path>C:\ti\ccs2002\ccs\tools\compiler\ti-cgt-msp430_21.6.1.LTS\lib\</path>
         <kind>archive</kind>
         <file>rts430x_lc_rd_eabi.lib</file>
         <name>mult64_f5hw.asm.obj</name>
      </input_file>
      <input_file id="fl-7e">
         <path>C:\ti\ccs2002\ccs\tools\compiler\ti-cgt-msp430_21.6.1.LTS\lib\</path>
         <kind>archive</kind>
         <file>rts430x_lc_rd_eabi.lib</file>
         <name>mult1632_f5hw.asm.obj</name>
      </input_file>
      <input_file id="fl-7f">
         <path>C:\ti\ccs2002\ccs\tools\compiler\ti-cgt-msp430_21.6.1.LTS\lib\</path>
         <kind>archive</kind>
         <file>rts430x_lc_rd_eabi.lib</file>
         <name>mult3264_f5hw.asm.obj</name>
      </input_file>
      <input_file id="fl-80">
         <path>C:\ti\ccs2002\ccs\tools\compiler\ti-cgt-msp430_21.6.1.LTS\lib\</path>
         <kind>archive</kind>
         <file>rts430x_lc_rd_eabi.lib</file>
         <name>lsl16.asm.obj</name>
      </input_file>
      <input_file id="fl-81">
         <path>C:\ti\ccs2002\ccs\tools\compiler\ti-cgt-msp430_21.6.1.LTS\lib\</path>
         <kind>archive</kind>
         <file>rts430x_lc_rd_eabi.lib</file>
         <name>asr16.asm.obj</name>
      </input_file>
      <input_file id="fl-82">
         <path>C:\ti\ccs2002\ccs\tools\compiler\ti-cgt-msp430_21.6.1.LTS\lib\</path>
         <kind>archive</kind>
         <file>rts430x_lc_rd_eabi.lib</file>
         <name>lsr16.asm.obj</name>
      </input_file>
      <input_file id="fl-83">
         <path>C:\ti\ccs2002\ccs\tools\compiler\ti-cgt-msp430_21.6.1.LTS\lib\</path>
         <kind>archive</kind>
         <file>rts430x_lc_rd_eabi.lib</file>
         <name>boot.c.obj</name>
      </input_file>
      <input_file id="fl-84">
         <path>C:\ti\ccs2002\ccs\ccs_base\msp430\lib\FR59xx\</path>
         <kind>archive</kind>
         <file>MSPMPU_INIT_LIB_CCS_msp430_large_code_restricted_data.lib</file>
         <name>mpu_init.o</name>
      </input_file>
      <input_file id="fl-85">
         <path>C:\ti\ccs2002\ccs\tools\compiler\ti-cgt-msp430_21.6.1.LTS\lib\</path>
         <kind>archive</kind>
         <file>rts430x_lc_rd_eabi.lib</file>
         <name>args_main.c.obj</name>
      </input_file>
      <input_file id="fl-86">
         <path>C:\ti\ccs2002\ccs\tools\compiler\ti-cgt-msp430_21.6.1.LTS\lib\</path>
         <kind>archive</kind>
         <file>rts430x_lc_rd_eabi.lib</file>
         <name>autoinit.c.obj</name>
      </input_file>
      <input_file id="fl-87">
         <path>C:\ti\ccs2002\ccs\tools\compiler\ti-cgt-msp430_21.6.1.LTS\lib\</path>
         <kind>archive</kind>
         <file>rts430x_lc_rd_eabi.lib</file>
         <name>startup.c.obj</name>
      </input_file>
      <input_file id="fl-88">
         <path>C:\ti\ccs2002\ccs\tools\compiler\ti-cgt-msp430_21.6.1.LTS\lib\</path>
         <kind>archive</kind>
         <file>rts430x_lc_rd_eabi.lib</file>
         <name>pre_init.c.obj</name>
      </input_file>
      <input_file id="fl-89">
         <path>C:\ti\ccs2002\ccs\tools\compiler\ti-cgt-msp430_21.6.1.LTS\lib\</path>
         <kind>archive</kind>
         <file>rts430x_lc_rd_eabi.lib</file>
         <name>cpy_tbl.c.obj</name>
      </input_file>
      <input_file id="fl-8a">
         <path>C:\ti\ccs2002\ccs\tools\compiler\ti-cgt-msp430_21.6.1.LTS\lib\</path>
         <kind>archive</kind>
         <file>rts430x_lc_rd_eabi.lib</file>
         <name>exit.c.obj</name>
      </input_file>
      <input_file id="fl-8b">
         <path>C:\ti\ccs2002\ccs\tools\compiler\ti-cgt-msp430_21.6.1.LTS\lib\</path>
         <kind>archive</kind>
         <file>rts430x_lc_rd_eabi.lib</file>
         <name>exit_gvars.c.obj</name>
      </input_file>
      <input_file id="fl-8c">
         <path>C:\ti\ccs2002\ccs\tools\compiler\ti-cgt-msp430_21.6.1.LTS\lib\</path>
         <kind>archive</kind>
         <file>rts430x_lc_rd_eabi.lib</file>
         <name>_lock.c.obj</name>
      </input_file>
      <input_file id="fl-8d">
         <path>C:\ti\ccs2002\ccs\tools\compiler\ti-cgt-msp430_21.6.1.LTS\lib\</path>
         <kind>archive</kind>
         <file>rts430x_lc_rd_eabi.lib</file>
         <name>memcpy.c.obj</name>
      </input_file>
   </input_file_list>
   <object_component_list>
      <object_component id="oc-ac1">
         <name>.cinit..leaRAM.load</name>
         <load_address>0x40de</load_address>
         <run_address>0x40de</run_address>
         <size>0x9</size>
      </object_component>
      <object_component id="oc-abf">
         <name>__TI_handler_table</name>
         <load_address>0x40e8</load_address>
         <run_address>0x40e8</run_address>
         <size>0x8</size>
      </object_component>
      <object_component id="oc-ac0">
         <name>__TI_cinit_table</name>
         <load_address>0x40f0</load_address>
         <run_address>0x40f0</run_address>
         <size>0x8</size>
      </object_component>
      <object_component id="oc-a52">
         <name>.binit</name>
         <load_address>0x4000</load_address>
         <run_address>0x4000</run_address>
         <size>0x0</size>
      </object_component>
      <object_component id="oc-7e1">
         <name>.text:_isr:SDHS_ISR</name>
         <load_address>0x4000</load_address>
         <run_address>0x4000</run_address>
         <size>0x24</size>
         <input_file_ref idref="fl-2"/>
      </object_component>
      <object_component id="oc-822">
         <name>.text:_isr:_c_int00_noargs_mpu</name>
         <load_address>0x4024</load_address>
         <run_address>0x4024</run_address>
         <size>0x20</size>
         <input_file_ref idref="fl-83"/>
      </object_component>
      <object_component id="oc-7f2">
         <name>.text:_isr:Timer2_A1_ISR</name>
         <load_address>0x4044</load_address>
         <run_address>0x4044</run_address>
         <size>0x1c</size>
         <input_file_ref idref="fl-2"/>
      </object_component>
      <object_component id="oc-7ec">
         <name>.text:_isr:Timer4_A0_ISR</name>
         <load_address>0x4060</load_address>
         <run_address>0x4060</run_address>
         <size>0x18</size>
         <input_file_ref idref="fl-2"/>
      </object_component>
      <object_component id="oc-7e7">
         <name>.text:_isr:__TI_ISR_TRAP</name>
         <load_address>0x4078</load_address>
         <run_address>0x4078</run_address>
         <size>0x8</size>
         <input_file_ref idref="fl-4f"/>
      </object_component>
      <object_component id="oc-8bc">
         <name>.const:GPIO_PORT_TO_BASE</name>
         <load_address>0x4080</load_address>
         <run_address>0x4080</run_address>
         <size>0x1c</size>
         <input_file_ref idref="fl-11"/>
      </object_component>
      <object_component id="oc-932">
         <name>.const:$P$T2$3</name>
         <load_address>0x409c</load_address>
         <run_address>0x409c</run_address>
         <size>0x16</size>
         <input_file_ref idref="fl-2"/>
      </object_component>
      <object_component id="oc-8f0">
         <name>.const:$P$T0$1</name>
         <load_address>0x40b2</load_address>
         <run_address>0x40b2</run_address>
         <size>0x10</size>
         <input_file_ref idref="fl-2"/>
      </object_component>
      <object_component id="oc-911">
         <name>.const:$P$T1$2</name>
         <load_address>0x40c2</load_address>
         <run_address>0x40c2</run_address>
         <size>0xe</size>
         <input_file_ref idref="fl-2"/>
      </object_component>
      <object_component id="oc-965">
         <name>.const:$P$T3$4</name>
         <load_address>0x40d0</load_address>
         <run_address>0x40d0</run_address>
         <size>0xe</size>
         <input_file_ref idref="fl-2"/>
      </object_component>
      <object_component id="oc-872">
         <name>.text:main</name>
         <load_address>0x10000</load_address>
         <run_address>0x10000</run_address>
         <size>0x254</size>
         <input_file_ref idref="fl-2"/>
      </object_component>
      <object_component id="oc-8e4">
         <name>.text:CS_setDCOFreq</name>
         <load_address>0x10254</load_address>
         <run_address>0x10254</run_address>
         <size>0x140</size>
         <input_file_ref idref="fl-8"/>
      </object_component>
      <object_component id="oc-8f3">
         <name>.text:SAPH_configurePHYBias</name>
         <load_address>0x10394</load_address>
         <run_address>0x10394</run_address>
         <size>0x7c</size>
         <input_file_ref idref="fl-1c"/>
      </object_component>
      <object_component id="oc-914">
         <name>.text:Timer_A_initUpMode</name>
         <load_address>0x10410</load_address>
         <run_address>0x10410</run_address>
         <size>0x7c</size>
         <input_file_ref idref="fl-21"/>
      </object_component>
      <object_component id="oc-84">
         <name>.text:decompress:lzss:__TI_decompress_lzss</name>
         <load_address>0x1048c</load_address>
         <run_address>0x1048c</run_address>
         <size>0x76</size>
         <input_file_ref idref="fl-4c"/>
      </object_component>
      <object_component id="oc-8de">
         <name>.text:CS_initClockSignal</name>
         <load_address>0x10502</load_address>
         <run_address>0x10502</run_address>
         <size>0x6a</size>
         <input_file_ref idref="fl-8"/>
      </object_component>
      <object_component id="oc-935">
         <name>.text:SDHS_init</name>
         <load_address>0x1056c</load_address>
         <run_address>0x1056c</run_address>
         <size>0x60</size>
         <input_file_ref idref="fl-1e"/>
      </object_component>
      <object_component id="oc-98d">
         <name>.text:__TI_auto_init_nobinit_nopinit_hold_wdt:__TI_auto_init_nobinit_nopinit_hold_wdt</name>
         <load_address>0x105cc</load_address>
         <run_address>0x105cc</run_address>
         <size>0x54</size>
         <input_file_ref idref="fl-86"/>
      </object_component>
      <object_component id="oc-93b">
         <name>.text:SDHS_setTotalSampleSize</name>
         <load_address>0x10620</load_address>
         <run_address>0x10620</run_address>
         <size>0x36</size>
         <input_file_ref idref="fl-1e"/>
      </object_component>
      <object_component id="oc-8cc">
         <name>.text:GPIO_setAsOutputPin</name>
         <load_address>0x10656</load_address>
         <run_address>0x10656</run_address>
         <size>0x34</size>
         <input_file_ref idref="fl-11"/>
      </object_component>
      <object_component id="oc-884">
         <name>.text:__mpu_init</name>
         <load_address>0x1068a</load_address>
         <run_address>0x1068a</run_address>
         <size>0x2c</size>
         <input_file_ref idref="fl-84"/>
      </object_component>
      <object_component id="oc-8f9">
         <name>.text:SAPH_configurePHYMultiplexer</name>
         <load_address>0x106b6</load_address>
         <run_address>0x106b6</run_address>
         <size>0x20</size>
         <input_file_ref idref="fl-1c"/>
      </object_component>
      <object_component id="oc-848">
         <name>.text:GPIO_toggleOutputOnPin</name>
         <load_address>0x106d6</load_address>
         <run_address>0x106d6</run_address>
         <size>0x1c</size>
         <input_file_ref idref="fl-11"/>
      </object_component>
      <object_component id="oc-91a">
         <name>.text:HSPLL_init</name>
         <load_address>0x106f2</load_address>
         <run_address>0x106f2</run_address>
         <size>0x18</size>
         <input_file_ref idref="fl-12"/>
      </object_component>
      <object_component id="oc-8d8">
         <name>.text:FRAMCtl_A_configureWaitStateControl</name>
         <load_address>0x1070a</load_address>
         <run_address>0x1070a</run_address>
         <size>0x16</size>
         <input_file_ref idref="fl-10"/>
      </object_component>
      <object_component id="oc-8c6">
         <name>.text:WDT_A_hold</name>
         <load_address>0x10720</load_address>
         <run_address>0x10720</run_address>
         <size>0x16</size>
         <input_file_ref idref="fl-25"/>
      </object_component>
      <object_component id="oc-905">
         <name>.text:HSPLL_xtalInit</name>
         <load_address>0x10736</load_address>
         <run_address>0x10736</run_address>
         <size>0x14</size>
         <input_file_ref idref="fl-12"/>
      </object_component>
      <object_component id="oc-7d4">
         <name>.text:memcpy</name>
         <load_address>0x1074a</load_address>
         <run_address>0x1074a</run_address>
         <size>0x14</size>
         <input_file_ref idref="fl-8d"/>
      </object_component>
      <object_component id="oc-920">
         <name>.text:UUPS_turnOnPower</name>
         <load_address>0x1075e</load_address>
         <run_address>0x1075e</run_address>
         <size>0x12</size>
         <input_file_ref idref="fl-24"/>
      </object_component>
      <object_component id="oc-8a">
         <name>.text:decompress:none:__TI_decompress_none</name>
         <load_address>0x10770</load_address>
         <run_address>0x10770</run_address>
         <size>0x12</size>
         <input_file_ref idref="fl-4d"/>
      </object_component>
      <object_component id="oc-90b">
         <name>.text:HSPLL_getOscillatorStatus</name>
         <load_address>0x10782</load_address>
         <run_address>0x10782</run_address>
         <size>0xc</size>
         <input_file_ref idref="fl-12"/>
      </object_component>
      <object_component id="oc-92c">
         <name>.text:HSPLL_isLocked</name>
         <load_address>0x1078e</load_address>
         <run_address>0x1078e</run_address>
         <size>0xc</size>
         <input_file_ref idref="fl-12"/>
      </object_component>
      <object_component id="oc-8ea">
         <name>.text:SAPH_unlock</name>
         <load_address>0x1079a</load_address>
         <run_address>0x1079a</run_address>
         <size>0xc</size>
         <input_file_ref idref="fl-1c"/>
      </object_component>
      <object_component id="oc-95f">
         <name>.text:SDHS_enable</name>
         <load_address>0x107a6</load_address>
         <run_address>0x107a6</run_address>
         <size>0xc</size>
         <input_file_ref idref="fl-1e"/>
      </object_component>
      <object_component id="oc-953">
         <name>.text:SDHS_enableInterrupt</name>
         <load_address>0x107b2</load_address>
         <run_address>0x107b2</run_address>
         <size>0xc</size>
         <input_file_ref idref="fl-1e"/>
      </object_component>
      <object_component id="oc-959">
         <name>.text:SDHS_enableTrigger</name>
         <load_address>0x107be</load_address>
         <run_address>0x107be</run_address>
         <size>0xc</size>
         <input_file_ref idref="fl-1e"/>
      </object_component>
      <object_component id="oc-857">
         <name>.text:SDHS_endConversion</name>
         <load_address>0x107ca</load_address>
         <run_address>0x107ca</run_address>
         <size>0xc</size>
         <input_file_ref idref="fl-1e"/>
      </object_component>
      <object_component id="oc-85d">
         <name>.text:SDHS_startConversion</name>
         <load_address>0x107d6</load_address>
         <run_address>0x107d6</run_address>
         <size>0xc</size>
         <input_file_ref idref="fl-1e"/>
      </object_component>
      <object_component id="oc-850">
         <name>.text:Timer_A_startCounter</name>
         <load_address>0x107e2</load_address>
         <run_address>0x107e2</run_address>
         <size>0xc</size>
         <input_file_ref idref="fl-21"/>
      </object_component>
      <object_component id="oc-926">
         <name>.text:UUPS_getPowerModeStatus</name>
         <load_address>0x107ee</load_address>
         <run_address>0x107ee</run_address>
         <size>0xc</size>
         <input_file_ref idref="fl-24"/>
      </object_component>
      <object_component id="oc-8ff">
         <name>.text:SAPH_lock</name>
         <load_address>0x107fa</load_address>
         <run_address>0x107fa</run_address>
         <size>0xa</size>
         <input_file_ref idref="fl-1c"/>
      </object_component>
      <object_component id="oc-94d">
         <name>.text:SDHS_setDTCDestinationAddress</name>
         <load_address>0x10804</load_address>
         <run_address>0x10804</run_address>
         <size>0xa</size>
         <input_file_ref idref="fl-1e"/>
      </object_component>
      <object_component id="oc-947">
         <name>.text:SDHS_setModularOptimization</name>
         <load_address>0x1080e</load_address>
         <run_address>0x1080e</run_address>
         <size>0xa</size>
         <input_file_ref idref="fl-1e"/>
      </object_component>
      <object_component id="oc-941">
         <name>.text:SDHS_setPGAGain</name>
         <load_address>0x10818</load_address>
         <run_address>0x10818</run_address>
         <size>0xa</size>
         <input_file_ref idref="fl-1e"/>
      </object_component>
      <object_component id="oc-9b9">
         <name>.text</name>
         <load_address>0x10822</load_address>
         <run_address>0x10822</run_address>
         <size>0xa</size>
         <input_file_ref idref="fl-80"/>
      </object_component>
      <object_component id="oc-8d2">
         <name>.text:PMM_unlockLPM5</name>
         <load_address>0x1082c</load_address>
         <run_address>0x1082c</run_address>
         <size>0x6</size>
         <input_file_ref idref="fl-17"/>
      </object_component>
      <object_component id="oc-969">
         <name>.text:abort</name>
         <load_address>0x10832</load_address>
         <run_address>0x10832</run_address>
         <size>0x6</size>
         <input_file_ref idref="fl-8a"/>
      </object_component>
      <object_component id="oc-86c">
         <name>.text:_system_pre_init</name>
         <load_address>0x10838</load_address>
         <run_address>0x10838</run_address>
         <size>0x4</size>
         <input_file_ref idref="fl-88"/>
      </object_component>
      <object_component id="oc-9ec">
         <name>.text:_system_post_cinit</name>
         <load_address>0x1083c</load_address>
         <run_address>0x1083c</run_address>
         <size>0x2</size>
         <input_file_ref idref="fl-87"/>
      </object_component>
      <object_component id="oc-7c5">
         <name>.stack</name>
         <uninitialized>true</uninitialized>
         <run_address>0x2b60</run_address>
         <size>0x4</size>
         <input_file_ref idref="fl-83"/>
      </object_component>
      <object_component id="oc-ac2">
         <name>.stack</name>
         <uninitialized>true</uninitialized>
         <run_address>0x2b60</run_address>
         <size>0x0</size>
      </object_component>
      <object_component id="oc-7c2">
         <name>.leaRAM:retain</name>
         <load_address>0x2c00</load_address>
         <run_address>0x2c00</run_address>
         <size>0x800</size>
         <input_file_ref idref="fl-2"/>
      </object_component>
      <object_component id="oc-90">
         <name>.int14</name>
         <load_address>0xffac</load_address>
         <run_address>0xffac</run_address>
         <size>0x2</size>
         <input_file_ref idref="fl-2"/>
      </object_component>
      <object_component id="oc-91">
         <name>.int15</name>
         <load_address>0xffae</load_address>
         <run_address>0xffae</run_address>
         <size>0x2</size>
         <input_file_ref idref="fl-4e"/>
      </object_component>
      <object_component id="oc-92">
         <name>.int16</name>
         <load_address>0xffb0</load_address>
         <run_address>0xffb0</run_address>
         <size>0x2</size>
         <input_file_ref idref="fl-50"/>
      </object_component>
      <object_component id="oc-93">
         <name>.int17</name>
         <load_address>0xffb2</load_address>
         <run_address>0xffb2</run_address>
         <size>0x2</size>
         <input_file_ref idref="fl-51"/>
      </object_component>
      <object_component id="oc-94">
         <name>.int18</name>
         <load_address>0xffb4</load_address>
         <run_address>0xffb4</run_address>
         <size>0x2</size>
         <input_file_ref idref="fl-52"/>
      </object_component>
      <object_component id="oc-95">
         <name>.int19</name>
         <load_address>0xffb6</load_address>
         <run_address>0xffb6</run_address>
         <size>0x2</size>
         <input_file_ref idref="fl-53"/>
      </object_component>
      <object_component id="oc-96">
         <name>.int20</name>
         <load_address>0xffb8</load_address>
         <run_address>0xffb8</run_address>
         <size>0x2</size>
         <input_file_ref idref="fl-54"/>
      </object_component>
      <object_component id="oc-97">
         <name>.int21</name>
         <load_address>0xffba</load_address>
         <run_address>0xffba</run_address>
         <size>0x2</size>
         <input_file_ref idref="fl-55"/>
      </object_component>
      <object_component id="oc-98">
         <name>.int22</name>
         <load_address>0xffbc</load_address>
         <run_address>0xffbc</run_address>
         <size>0x2</size>
         <input_file_ref idref="fl-56"/>
      </object_component>
      <object_component id="oc-99">
         <name>.int23</name>
         <load_address>0xffbe</load_address>
         <run_address>0xffbe</run_address>
         <size>0x2</size>
         <input_file_ref idref="fl-57"/>
      </object_component>
      <object_component id="oc-9a">
         <name>.int24</name>
         <load_address>0xffc0</load_address>
         <run_address>0xffc0</run_address>
         <size>0x2</size>
         <input_file_ref idref="fl-58"/>
      </object_component>
      <object_component id="oc-9b">
         <name>.int25</name>
         <load_address>0xffc2</load_address>
         <run_address>0xffc2</run_address>
         <size>0x2</size>
         <input_file_ref idref="fl-59"/>
      </object_component>
      <object_component id="oc-9c">
         <name>.int26</name>
         <load_address>0xffc4</load_address>
         <run_address>0xffc4</run_address>
         <size>0x2</size>
         <input_file_ref idref="fl-5a"/>
      </object_component>
      <object_component id="oc-9d">
         <name>.int27</name>
         <load_address>0xffc6</load_address>
         <run_address>0xffc6</run_address>
         <size>0x2</size>
         <input_file_ref idref="fl-5b"/>
      </object_component>
      <object_component id="oc-9e">
         <name>.int28</name>
         <load_address>0xffc8</load_address>
         <run_address>0xffc8</run_address>
         <size>0x2</size>
         <input_file_ref idref="fl-2"/>
      </object_component>
      <object_component id="oc-9f">
         <name>.int29</name>
         <load_address>0xffca</load_address>
         <run_address>0xffca</run_address>
         <size>0x2</size>
         <input_file_ref idref="fl-5c"/>
      </object_component>
      <object_component id="oc-a0">
         <name>.int30</name>
         <load_address>0xffcc</load_address>
         <run_address>0xffcc</run_address>
         <size>0x2</size>
         <input_file_ref idref="fl-5d"/>
      </object_component>
      <object_component id="oc-a1">
         <name>.int31</name>
         <load_address>0xffce</load_address>
         <run_address>0xffce</run_address>
         <size>0x2</size>
         <input_file_ref idref="fl-5e"/>
      </object_component>
      <object_component id="oc-a2">
         <name>.int32</name>
         <load_address>0xffd0</load_address>
         <run_address>0xffd0</run_address>
         <size>0x2</size>
         <input_file_ref idref="fl-5f"/>
      </object_component>
      <object_component id="oc-a3">
         <name>.int33</name>
         <load_address>0xffd2</load_address>
         <run_address>0xffd2</run_address>
         <size>0x2</size>
         <input_file_ref idref="fl-60"/>
      </object_component>
      <object_component id="oc-a4">
         <name>.int34</name>
         <load_address>0xffd4</load_address>
         <run_address>0xffd4</run_address>
         <size>0x2</size>
         <input_file_ref idref="fl-61"/>
      </object_component>
      <object_component id="oc-a5">
         <name>.int35</name>
         <load_address>0xffd6</load_address>
         <run_address>0xffd6</run_address>
         <size>0x2</size>
         <input_file_ref idref="fl-62"/>
      </object_component>
      <object_component id="oc-a6">
         <name>.int36</name>
         <load_address>0xffd8</load_address>
         <run_address>0xffd8</run_address>
         <size>0x2</size>
         <input_file_ref idref="fl-63"/>
      </object_component>
      <object_component id="oc-a7">
         <name>.int37</name>
         <load_address>0xffda</load_address>
         <run_address>0xffda</run_address>
         <size>0x2</size>
         <input_file_ref idref="fl-2"/>
      </object_component>
      <object_component id="oc-a8">
         <name>.int38</name>
         <load_address>0xffdc</load_address>
         <run_address>0xffdc</run_address>
         <size>0x2</size>
         <input_file_ref idref="fl-64"/>
      </object_component>
      <object_component id="oc-a9">
         <name>.int39</name>
         <load_address>0xffde</load_address>
         <run_address>0xffde</run_address>
         <size>0x2</size>
         <input_file_ref idref="fl-65"/>
      </object_component>
      <object_component id="oc-aa">
         <name>.int40</name>
         <load_address>0xffe0</load_address>
         <run_address>0xffe0</run_address>
         <size>0x2</size>
         <input_file_ref idref="fl-66"/>
      </object_component>
      <object_component id="oc-ab">
         <name>.int41</name>
         <load_address>0xffe2</load_address>
         <run_address>0xffe2</run_address>
         <size>0x2</size>
         <input_file_ref idref="fl-67"/>
      </object_component>
      <object_component id="oc-ac">
         <name>.int42</name>
         <load_address>0xffe4</load_address>
         <run_address>0xffe4</run_address>
         <size>0x2</size>
         <input_file_ref idref="fl-68"/>
      </object_component>
      <object_component id="oc-ad">
         <name>.int43</name>
         <load_address>0xffe6</load_address>
         <run_address>0xffe6</run_address>
         <size>0x2</size>
         <input_file_ref idref="fl-69"/>
      </object_component>
      <object_component id="oc-ae">
         <name>.int44</name>
         <load_address>0xffe8</load_address>
         <run_address>0xffe8</run_address>
         <size>0x2</size>
         <input_file_ref idref="fl-6a"/>
      </object_component>
      <object_component id="oc-af">
         <name>.int45</name>
         <load_address>0xffea</load_address>
         <run_address>0xffea</run_address>
         <size>0x2</size>
         <input_file_ref idref="fl-6b"/>
      </object_component>
      <object_component id="oc-b0">
         <name>.int46</name>
         <load_address>0xffec</load_address>
         <run_address>0xffec</run_address>
         <size>0x2</size>
         <input_file_ref idref="fl-6c"/>
      </object_component>
      <object_component id="oc-b1">
         <name>.int47</name>
         <load_address>0xffee</load_address>
         <run_address>0xffee</run_address>
         <size>0x2</size>
         <input_file_ref idref="fl-6d"/>
      </object_component>
      <object_component id="oc-b2">
         <name>.int48</name>
         <load_address>0xfff0</load_address>
         <run_address>0xfff0</run_address>
         <size>0x2</size>
         <input_file_ref idref="fl-6e"/>
      </object_component>
      <object_component id="oc-b3">
         <name>.int49</name>
         <load_address>0xfff2</load_address>
         <run_address>0xfff2</run_address>
         <size>0x2</size>
         <input_file_ref idref="fl-6f"/>
      </object_component>
      <object_component id="oc-b4">
         <name>.int50</name>
         <load_address>0xfff4</load_address>
         <run_address>0xfff4</run_address>
         <size>0x2</size>
         <input_file_ref idref="fl-70"/>
      </object_component>
      <object_component id="oc-b5">
         <name>.int51</name>
         <load_address>0xfff6</load_address>
         <run_address>0xfff6</run_address>
         <size>0x2</size>
         <input_file_ref idref="fl-71"/>
      </object_component>
      <object_component id="oc-b6">
         <name>.int52</name>
         <load_address>0xfff8</load_address>
         <run_address>0xfff8</run_address>
         <size>0x2</size>
         <input_file_ref idref="fl-72"/>
      </object_component>
      <object_component id="oc-b7">
         <name>.int53</name>
         <load_address>0xfffa</load_address>
         <run_address>0xfffa</run_address>
         <size>0x2</size>
         <input_file_ref idref="fl-73"/>
      </object_component>
      <object_component id="oc-b8">
         <name>.int54</name>
         <load_address>0xfffc</load_address>
         <run_address>0xfffc</run_address>
         <size>0x2</size>
         <input_file_ref idref="fl-74"/>
      </object_component>
      <object_component id="oc-7c8">
         <name>.reset</name>
         <load_address>0xfffe</load_address>
         <run_address>0xfffe</run_address>
         <size>0x2</size>
         <input_file_ref idref="fl-83"/>
      </object_component>
      <object_component id="oc-836">
         <name>.debug_info</name>
         <load_address>0x0</load_address>
         <run_address>0x0</run_address>
         <size>0x951</size>
         <input_file_ref idref="fl-2"/>
      </object_component>
      <object_component id="oc-7c3">
         <name>.debug_info</name>
         <load_address>0x951</load_address>
         <run_address>0x951</run_address>
         <size>0xf0</size>
         <input_file_ref idref="fl-2"/>
      </object_component>
      <object_component id="oc-8f1">
         <name>.debug_info</name>
         <load_address>0xa41</load_address>
         <run_address>0xa41</run_address>
         <size>0xef</size>
         <input_file_ref idref="fl-2"/>
      </object_component>
      <object_component id="oc-912">
         <name>.debug_info</name>
         <load_address>0xb30</load_address>
         <run_address>0xb30</run_address>
         <size>0xef</size>
         <input_file_ref idref="fl-2"/>
      </object_component>
      <object_component id="oc-933">
         <name>.debug_info</name>
         <load_address>0xc1f</load_address>
         <run_address>0xc1f</run_address>
         <size>0xef</size>
         <input_file_ref idref="fl-2"/>
      </object_component>
      <object_component id="oc-966">
         <name>.debug_info</name>
         <load_address>0xd0e</load_address>
         <run_address>0xd0e</run_address>
         <size>0xef</size>
         <input_file_ref idref="fl-2"/>
      </object_component>
      <object_component id="oc-873">
         <name>.debug_info</name>
         <load_address>0xdfd</load_address>
         <run_address>0xdfd</run_address>
         <size>0x53c</size>
         <input_file_ref idref="fl-2"/>
      </object_component>
      <object_component id="oc-7ef">
         <name>.debug_info</name>
         <load_address>0x1339</load_address>
         <run_address>0x1339</run_address>
         <size>0x16b</size>
         <input_file_ref idref="fl-2"/>
      </object_component>
      <object_component id="oc-7f5">
         <name>.debug_info</name>
         <load_address>0x14a4</load_address>
         <run_address>0x14a4</run_address>
         <size>0x181</size>
         <input_file_ref idref="fl-2"/>
      </object_component>
      <object_component id="oc-7e2">
         <name>.debug_info</name>
         <load_address>0x1625</load_address>
         <run_address>0x1625</run_address>
         <size>0x161</size>
         <input_file_ref idref="fl-2"/>
      </object_component>
      <object_component id="oc-8a9">
         <name>.debug_info</name>
         <load_address>0x1786</load_address>
         <run_address>0x1786</run_address>
         <size>0x26b</size>
         <input_file_ref idref="fl-2"/>
      </object_component>
      <object_component id="oc-895">
         <name>.debug_info</name>
         <load_address>0x19f1</load_address>
         <run_address>0x19f1</run_address>
         <size>0xcd</size>
         <input_file_ref idref="fl-2"/>
      </object_component>
      <object_component id="oc-89a">
         <name>.debug_info</name>
         <load_address>0x1abe</load_address>
         <run_address>0x1abe</run_address>
         <size>0x116</size>
         <input_file_ref idref="fl-2"/>
      </object_component>
      <object_component id="oc-89f">
         <name>.debug_info</name>
         <load_address>0x1bd4</load_address>
         <run_address>0x1bd4</run_address>
         <size>0x38f</size>
         <input_file_ref idref="fl-2"/>
      </object_component>
      <object_component id="oc-890">
         <name>.debug_info</name>
         <load_address>0x1f63</load_address>
         <run_address>0x1f63</run_address>
         <size>0x8b</size>
         <input_file_ref idref="fl-2"/>
      </object_component>
      <object_component id="oc-9a8">
         <name>.debug_info</name>
         <load_address>0x1fee</load_address>
         <run_address>0x1fee</run_address>
         <size>0x282</size>
         <input_file_ref idref="fl-2"/>
      </object_component>
      <object_component id="oc-8a4">
         <name>.debug_info</name>
         <load_address>0x2270</load_address>
         <run_address>0x2270</run_address>
         <size>0xbb</size>
         <input_file_ref idref="fl-2"/>
      </object_component>
      <object_component id="oc-8ae">
         <name>.debug_info</name>
         <load_address>0x232b</load_address>
         <run_address>0x232b</run_address>
         <size>0x3e8</size>
         <input_file_ref idref="fl-2"/>
      </object_component>
      <object_component id="oc-7cf">
         <name>.debug_info</name>
         <load_address>0x2713</load_address>
         <run_address>0x2713</run_address>
         <size>0x84</size>
         <input_file_ref idref="fl-4"/>
      </object_component>
      <object_component id="oc-8e5">
         <name>.debug_info</name>
         <load_address>0x2797</load_address>
         <run_address>0x2797</run_address>
         <size>0x1d7</size>
         <input_file_ref idref="fl-8"/>
      </object_component>
      <object_component id="oc-8df">
         <name>.debug_info</name>
         <load_address>0x296e</load_address>
         <run_address>0x296e</run_address>
         <size>0x26d</size>
         <input_file_ref idref="fl-8"/>
      </object_component>
      <object_component id="oc-8d9">
         <name>.debug_info</name>
         <load_address>0x2bdb</load_address>
         <run_address>0x2bdb</run_address>
         <size>0x1e3</size>
         <input_file_ref idref="fl-10"/>
      </object_component>
      <object_component id="oc-9af">
         <name>.debug_info</name>
         <load_address>0x2dbe</load_address>
         <run_address>0x2dbe</run_address>
         <size>0x17c</size>
         <input_file_ref idref="fl-11"/>
      </object_component>
      <object_component id="oc-8bd">
         <name>.debug_info</name>
         <load_address>0x2f3a</load_address>
         <run_address>0x2f3a</run_address>
         <size>0x10a</size>
         <input_file_ref idref="fl-11"/>
      </object_component>
      <object_component id="oc-84a">
         <name>.debug_info</name>
         <load_address>0x3044</load_address>
         <run_address>0x3044</run_address>
         <size>0x219</size>
         <input_file_ref idref="fl-11"/>
      </object_component>
      <object_component id="oc-8cd">
         <name>.debug_info</name>
         <load_address>0x325d</load_address>
         <run_address>0x325d</run_address>
         <size>0x210</size>
         <input_file_ref idref="fl-11"/>
      </object_component>
      <object_component id="oc-9c3">
         <name>.debug_info</name>
         <load_address>0x346d</load_address>
         <run_address>0x346d</run_address>
         <size>0x171</size>
         <input_file_ref idref="fl-12"/>
      </object_component>
      <object_component id="oc-907">
         <name>.debug_info</name>
         <load_address>0x35de</load_address>
         <run_address>0x35de</run_address>
         <size>0x1ab</size>
         <input_file_ref idref="fl-12"/>
      </object_component>
      <object_component id="oc-92d">
         <name>.debug_info</name>
         <load_address>0x3789</load_address>
         <run_address>0x3789</run_address>
         <size>0x189</size>
         <input_file_ref idref="fl-12"/>
      </object_component>
      <object_component id="oc-91c">
         <name>.debug_info</name>
         <load_address>0x3912</load_address>
         <run_address>0x3912</run_address>
         <size>0x1a3</size>
         <input_file_ref idref="fl-12"/>
      </object_component>
      <object_component id="oc-90c">
         <name>.debug_info</name>
         <load_address>0x3ab5</load_address>
         <run_address>0x3ab5</run_address>
         <size>0x19f</size>
         <input_file_ref idref="fl-12"/>
      </object_component>
      <object_component id="oc-8d3">
         <name>.debug_info</name>
         <load_address>0x3c54</load_address>
         <run_address>0x3c54</run_address>
         <size>0x160</size>
         <input_file_ref idref="fl-17"/>
      </object_component>
      <object_component id="oc-9bf">
         <name>.debug_info</name>
         <load_address>0x3db4</load_address>
         <run_address>0x3db4</run_address>
         <size>0x19c</size>
         <input_file_ref idref="fl-1c"/>
      </object_component>
      <object_component id="oc-8eb">
         <name>.debug_info</name>
         <load_address>0x3f50</load_address>
         <run_address>0x3f50</run_address>
         <size>0x17c</size>
         <input_file_ref idref="fl-1c"/>
      </object_component>
      <object_component id="oc-900">
         <name>.debug_info</name>
         <load_address>0x40cc</load_address>
         <run_address>0x40cc</run_address>
         <size>0x178</size>
         <input_file_ref idref="fl-1c"/>
      </object_component>
      <object_component id="oc-8fa">
         <name>.debug_info</name>
         <load_address>0x4244</load_address>
         <run_address>0x4244</run_address>
         <size>0x200</size>
         <input_file_ref idref="fl-1c"/>
      </object_component>
      <object_component id="oc-8f4">
         <name>.debug_info</name>
         <load_address>0x4444</load_address>
         <run_address>0x4444</run_address>
         <size>0x20c</size>
         <input_file_ref idref="fl-1c"/>
      </object_component>
      <object_component id="oc-9d0">
         <name>.debug_info</name>
         <load_address>0x4650</load_address>
         <run_address>0x4650</run_address>
         <size>0x16a</size>
         <input_file_ref idref="fl-1e"/>
      </object_component>
      <object_component id="oc-85f">
         <name>.debug_info</name>
         <load_address>0x47ba</load_address>
         <run_address>0x47ba</run_address>
         <size>0x18e</size>
         <input_file_ref idref="fl-1e"/>
      </object_component>
      <object_component id="oc-93d">
         <name>.debug_info</name>
         <load_address>0x4948</load_address>
         <run_address>0x4948</run_address>
         <size>0x1d0</size>
         <input_file_ref idref="fl-1e"/>
      </object_component>
      <object_component id="oc-943">
         <name>.debug_info</name>
         <load_address>0x4b18</load_address>
         <run_address>0x4b18</run_address>
         <size>0x1a6</size>
         <input_file_ref idref="fl-1e"/>
      </object_component>
      <object_component id="oc-949">
         <name>.debug_info</name>
         <load_address>0x4cbe</load_address>
         <run_address>0x4cbe</run_address>
         <size>0x1de</size>
         <input_file_ref idref="fl-1e"/>
      </object_component>
      <object_component id="oc-94f">
         <name>.debug_info</name>
         <load_address>0x4e9c</load_address>
         <run_address>0x4e9c</run_address>
         <size>0x1ce</size>
         <input_file_ref idref="fl-1e"/>
      </object_component>
      <object_component id="oc-937">
         <name>.debug_info</name>
         <load_address>0x506a</load_address>
         <run_address>0x506a</run_address>
         <size>0x1bd</size>
         <input_file_ref idref="fl-1e"/>
      </object_component>
      <object_component id="oc-859">
         <name>.debug_info</name>
         <load_address>0x5227</load_address>
         <run_address>0x5227</run_address>
         <size>0x18a</size>
         <input_file_ref idref="fl-1e"/>
      </object_component>
      <object_component id="oc-95b">
         <name>.debug_info</name>
         <load_address>0x53b1</load_address>
         <run_address>0x53b1</run_address>
         <size>0x18a</size>
         <input_file_ref idref="fl-1e"/>
      </object_component>
      <object_component id="oc-955">
         <name>.debug_info</name>
         <load_address>0x553b</load_address>
         <run_address>0x553b</run_address>
         <size>0x1d4</size>
         <input_file_ref idref="fl-1e"/>
      </object_component>
      <object_component id="oc-961">
         <name>.debug_info</name>
         <load_address>0x570f</load_address>
         <run_address>0x570f</run_address>
         <size>0x17c</size>
         <input_file_ref idref="fl-1e"/>
      </object_component>
      <object_component id="oc-9c8">
         <name>.debug_info</name>
         <load_address>0x588b</load_address>
         <run_address>0x588b</run_address>
         <size>0x18b</size>
         <input_file_ref idref="fl-21"/>
      </object_component>
      <object_component id="oc-851">
         <name>.debug_info</name>
         <load_address>0x5a16</load_address>
         <run_address>0x5a16</run_address>
         <size>0x1ec</size>
         <input_file_ref idref="fl-21"/>
      </object_component>
      <object_component id="oc-915">
         <name>.debug_info</name>
         <load_address>0x5c02</load_address>
         <run_address>0x5c02</run_address>
         <size>0x1d8</size>
         <input_file_ref idref="fl-21"/>
      </object_component>
      <object_component id="oc-921">
         <name>.debug_info</name>
         <load_address>0x5dda</load_address>
         <run_address>0x5dda</run_address>
         <size>0x1a9</size>
         <input_file_ref idref="fl-24"/>
      </object_component>
      <object_component id="oc-929">
         <name>.debug_info</name>
         <load_address>0x5f83</load_address>
         <run_address>0x5f83</run_address>
         <size>0x198</size>
         <input_file_ref idref="fl-24"/>
      </object_component>
      <object_component id="oc-8c7">
         <name>.debug_info</name>
         <load_address>0x611b</load_address>
         <run_address>0x611b</run_address>
         <size>0x1bd</size>
         <input_file_ref idref="fl-25"/>
      </object_component>
      <object_component id="oc-83e">
         <name>.debug_info</name>
         <load_address>0x62d8</load_address>
         <run_address>0x62d8</run_address>
         <size>0x17b</size>
         <input_file_ref idref="fl-4c"/>
      </object_component>
      <object_component id="oc-85">
         <name>.debug_info</name>
         <load_address>0x6453</load_address>
         <run_address>0x6453</run_address>
         <size>0x250</size>
         <input_file_ref idref="fl-4c"/>
      </object_component>
      <object_component id="oc-7ca">
         <name>.debug_info</name>
         <load_address>0x66a3</load_address>
         <run_address>0x66a3</run_address>
         <size>0x60</size>
         <input_file_ref idref="fl-4c"/>
      </object_component>
      <object_component id="oc-8b3">
         <name>.debug_info</name>
         <load_address>0x6703</load_address>
         <run_address>0x6703</run_address>
         <size>0x46</size>
         <input_file_ref idref="fl-4c"/>
      </object_component>
      <object_component id="oc-839">
         <name>.debug_info</name>
         <load_address>0x6749</load_address>
         <run_address>0x6749</run_address>
         <size>0x39</size>
         <input_file_ref idref="fl-4c"/>
      </object_component>
      <object_component id="oc-7e0">
         <name>.debug_info</name>
         <load_address>0x6782</load_address>
         <run_address>0x6782</run_address>
         <size>0x18f</size>
         <input_file_ref idref="fl-4d"/>
      </object_component>
      <object_component id="oc-8d">
         <name>.debug_info</name>
         <load_address>0x6911</load_address>
         <run_address>0x6911</run_address>
         <size>0x1d3</size>
         <input_file_ref idref="fl-4d"/>
      </object_component>
      <object_component id="oc-7db">
         <name>.debug_info</name>
         <load_address>0x6ae4</load_address>
         <run_address>0x6ae4</run_address>
         <size>0x46</size>
         <input_file_ref idref="fl-4d"/>
      </object_component>
      <object_component id="oc-7e8">
         <name>.debug_info</name>
         <load_address>0x6b2a</load_address>
         <run_address>0x6b2a</run_address>
         <size>0x10f</size>
         <input_file_ref idref="fl-4f"/>
      </object_component>
      <object_component id="oc-9ba">
         <name>.debug_info</name>
         <load_address>0x6c39</load_address>
         <run_address>0x6c39</run_address>
         <size>0x120</size>
         <input_file_ref idref="fl-80"/>
      </object_component>
      <object_component id="oc-7c6">
         <name>.debug_info</name>
         <load_address>0x6d59</load_address>
         <run_address>0x6d59</run_address>
         <size>0x100</size>
         <input_file_ref idref="fl-83"/>
      </object_component>
      <object_component id="oc-823">
         <name>.debug_info</name>
         <load_address>0x6e59</load_address>
         <run_address>0x6e59</run_address>
         <size>0x193</size>
         <input_file_ref idref="fl-83"/>
      </object_component>
      <object_component id="oc-885">
         <name>.debug_info</name>
         <load_address>0x6fec</load_address>
         <run_address>0x6fec</run_address>
         <size>0xf2</size>
         <input_file_ref idref="fl-84"/>
      </object_component>
      <object_component id="oc-9f3">
         <name>.debug_info</name>
         <load_address>0x70de</load_address>
         <run_address>0x70de</run_address>
         <size>0x3fc</size>
         <input_file_ref idref="fl-86"/>
      </object_component>
      <object_component id="oc-98e">
         <name>.debug_info</name>
         <load_address>0x74da</load_address>
         <run_address>0x74da</run_address>
         <size>0x230</size>
         <input_file_ref idref="fl-86"/>
      </object_component>
      <object_component id="oc-a2f">
         <name>.debug_info</name>
         <load_address>0x770a</load_address>
         <run_address>0x770a</run_address>
         <size>0x39</size>
         <input_file_ref idref="fl-86"/>
      </object_component>
      <object_component id="oc-a40">
         <name>.debug_info</name>
         <load_address>0x7743</load_address>
         <run_address>0x7743</run_address>
         <size>0x2c</size>
         <input_file_ref idref="fl-86"/>
      </object_component>
      <object_component id="oc-9fe">
         <name>.debug_info</name>
         <load_address>0x776f</load_address>
         <run_address>0x776f</run_address>
         <size>0x2c</size>
         <input_file_ref idref="fl-86"/>
      </object_component>
      <object_component id="oc-a34">
         <name>.debug_info</name>
         <load_address>0x779b</load_address>
         <run_address>0x779b</run_address>
         <size>0xcd</size>
         <input_file_ref idref="fl-86"/>
      </object_component>
      <object_component id="oc-9ed">
         <name>.debug_info</name>
         <load_address>0x7868</load_address>
         <run_address>0x7868</run_address>
         <size>0x150</size>
         <input_file_ref idref="fl-87"/>
      </object_component>
      <object_component id="oc-86d">
         <name>.debug_info</name>
         <load_address>0x79b8</load_address>
         <run_address>0x79b8</run_address>
         <size>0x153</size>
         <input_file_ref idref="fl-88"/>
      </object_component>
      <object_component id="oc-841">
         <name>.debug_info</name>
         <load_address>0x7b0b</load_address>
         <run_address>0x7b0b</run_address>
         <size>0x2c</size>
         <input_file_ref idref="fl-89"/>
      </object_component>
      <object_component id="oc-96c">
         <name>.debug_info</name>
         <load_address>0x7b37</load_address>
         <run_address>0x7b37</run_address>
         <size>0x122</size>
         <input_file_ref idref="fl-8a"/>
      </object_component>
      <object_component id="oc-840">
         <name>.debug_info</name>
         <load_address>0x7c59</load_address>
         <run_address>0x7c59</run_address>
         <size>0x19a</size>
         <input_file_ref idref="fl-8d"/>
      </object_component>
      <object_component id="oc-7d7">
         <name>.debug_info</name>
         <load_address>0x7df3</load_address>
         <run_address>0x7df3</run_address>
         <size>0x17a</size>
         <input_file_ref idref="fl-8d"/>
      </object_component>
      <object_component id="oc-ac5">
         <name>.debug_info</name>
         <load_address>0x7f6d</load_address>
         <run_address>0x7f6d</run_address>
         <size>0xae</size>
      </object_component>
      <object_component id="oc-88f">
         <name>.debug_line</name>
         <load_address>0x0</load_address>
         <run_address>0x0</run_address>
         <size>0x40f</size>
         <input_file_ref idref="fl-2"/>
      </object_component>
      <object_component id="oc-835">
         <name>.debug_line</name>
         <load_address>0x40f</load_address>
         <run_address>0x40f</run_address>
         <size>0x40</size>
         <input_file_ref idref="fl-2"/>
      </object_component>
      <object_component id="oc-9b8">
         <name>.debug_line</name>
         <load_address>0x44f</load_address>
         <run_address>0x44f</run_address>
         <size>0x40</size>
         <input_file_ref idref="fl-2"/>
      </object_component>
      <object_component id="oc-9c6">
         <name>.debug_line</name>
         <load_address>0x48f</load_address>
         <run_address>0x48f</run_address>
         <size>0x40</size>
         <input_file_ref idref="fl-2"/>
      </object_component>
      <object_component id="oc-9ce">
         <name>.debug_line</name>
         <load_address>0x4cf</load_address>
         <run_address>0x4cf</run_address>
         <size>0x40</size>
         <input_file_ref idref="fl-2"/>
      </object_component>
      <object_component id="oc-9d9">
         <name>.debug_line</name>
         <load_address>0x50f</load_address>
         <run_address>0x50f</run_address>
         <size>0x40</size>
         <input_file_ref idref="fl-2"/>
      </object_component>
      <object_component id="oc-876">
         <name>.debug_line</name>
         <load_address>0x54f</load_address>
         <run_address>0x54f</run_address>
         <size>0xc0</size>
         <input_file_ref idref="fl-2"/>
      </object_component>
      <object_component id="oc-7ee">
         <name>.debug_line</name>
         <load_address>0x60f</load_address>
         <run_address>0x60f</run_address>
         <size>0x58</size>
         <input_file_ref idref="fl-2"/>
      </object_component>
      <object_component id="oc-7f4">
         <name>.debug_line</name>
         <load_address>0x667</load_address>
         <run_address>0x667</run_address>
         <size>0x5a</size>
         <input_file_ref idref="fl-2"/>
      </object_component>
      <object_component id="oc-7e5">
         <name>.debug_line</name>
         <load_address>0x6c1</load_address>
         <run_address>0x6c1</run_address>
         <size>0x5b</size>
         <input_file_ref idref="fl-2"/>
      </object_component>
      <object_component id="oc-8ac">
         <name>.debug_line</name>
         <load_address>0x71c</load_address>
         <run_address>0x71c</run_address>
         <size>0x72</size>
         <input_file_ref idref="fl-2"/>
      </object_component>
      <object_component id="oc-898">
         <name>.debug_line</name>
         <load_address>0x78e</load_address>
         <run_address>0x78e</run_address>
         <size>0x7f</size>
         <input_file_ref idref="fl-2"/>
      </object_component>
      <object_component id="oc-89d">
         <name>.debug_line</name>
         <load_address>0x80d</load_address>
         <run_address>0x80d</run_address>
         <size>0x7e</size>
         <input_file_ref idref="fl-2"/>
      </object_component>
      <object_component id="oc-8a2">
         <name>.debug_line</name>
         <load_address>0x88b</load_address>
         <run_address>0x88b</run_address>
         <size>0x81</size>
         <input_file_ref idref="fl-2"/>
      </object_component>
      <object_component id="oc-893">
         <name>.debug_line</name>
         <load_address>0x90c</load_address>
         <run_address>0x90c</run_address>
         <size>0x20</size>
         <input_file_ref idref="fl-2"/>
      </object_component>
      <object_component id="oc-9ab">
         <name>.debug_line</name>
         <load_address>0x92c</load_address>
         <run_address>0x92c</run_address>
         <size>0x76</size>
         <input_file_ref idref="fl-2"/>
      </object_component>
      <object_component id="oc-8a7">
         <name>.debug_line</name>
         <load_address>0x9a2</load_address>
         <run_address>0x9a2</run_address>
         <size>0x73</size>
         <input_file_ref idref="fl-2"/>
      </object_component>
      <object_component id="oc-8b1">
         <name>.debug_line</name>
         <load_address>0xa15</load_address>
         <run_address>0xa15</run_address>
         <size>0x7e</size>
         <input_file_ref idref="fl-2"/>
      </object_component>
      <object_component id="oc-7d2">
         <name>.debug_line</name>
         <load_address>0xa93</load_address>
         <run_address>0xa93</run_address>
         <size>0x20</size>
         <input_file_ref idref="fl-4"/>
      </object_component>
      <object_component id="oc-8e8">
         <name>.debug_line</name>
         <load_address>0xab3</load_address>
         <run_address>0xab3</run_address>
         <size>0x8f</size>
         <input_file_ref idref="fl-8"/>
      </object_component>
      <object_component id="oc-8e2">
         <name>.debug_line</name>
         <load_address>0xb42</load_address>
         <run_address>0xb42</run_address>
         <size>0x7b</size>
         <input_file_ref idref="fl-8"/>
      </object_component>
      <object_component id="oc-8dd">
         <name>.debug_line</name>
         <load_address>0xbbd</load_address>
         <run_address>0xbbd</run_address>
         <size>0x66</size>
         <input_file_ref idref="fl-10"/>
      </object_component>
      <object_component id="oc-a0e">
         <name>.debug_line</name>
         <load_address>0xc23</load_address>
         <run_address>0xc23</run_address>
         <size>0x20</size>
         <input_file_ref idref="fl-11"/>
      </object_component>
      <object_component id="oc-9ae">
         <name>.debug_line</name>
         <load_address>0xc43</load_address>
         <run_address>0xc43</run_address>
         <size>0x47</size>
         <input_file_ref idref="fl-11"/>
      </object_component>
      <object_component id="oc-849">
         <name>.debug_line</name>
         <load_address>0xc8a</load_address>
         <run_address>0xc8a</run_address>
         <size>0x66</size>
         <input_file_ref idref="fl-11"/>
      </object_component>
      <object_component id="oc-8d0">
         <name>.debug_line</name>
         <load_address>0xcf0</load_address>
         <run_address>0xcf0</run_address>
         <size>0x68</size>
         <input_file_ref idref="fl-11"/>
      </object_component>
      <object_component id="oc-a13">
         <name>.debug_line</name>
         <load_address>0xd58</load_address>
         <run_address>0xd58</run_address>
         <size>0x20</size>
         <input_file_ref idref="fl-12"/>
      </object_component>
      <object_component id="oc-906">
         <name>.debug_line</name>
         <load_address>0xd78</load_address>
         <run_address>0xd78</run_address>
         <size>0x5d</size>
         <input_file_ref idref="fl-12"/>
      </object_component>
      <object_component id="oc-930">
         <name>.debug_line</name>
         <load_address>0xdd5</load_address>
         <run_address>0xdd5</run_address>
         <size>0x5e</size>
         <input_file_ref idref="fl-12"/>
      </object_component>
      <object_component id="oc-91b">
         <name>.debug_line</name>
         <load_address>0xe33</load_address>
         <run_address>0xe33</run_address>
         <size>0x5d</size>
         <input_file_ref idref="fl-12"/>
      </object_component>
      <object_component id="oc-90f">
         <name>.debug_line</name>
         <load_address>0xe90</load_address>
         <run_address>0xe90</run_address>
         <size>0x5e</size>
         <input_file_ref idref="fl-12"/>
      </object_component>
      <object_component id="oc-8d7">
         <name>.debug_line</name>
         <load_address>0xeee</load_address>
         <run_address>0xeee</run_address>
         <size>0x59</size>
         <input_file_ref idref="fl-17"/>
      </object_component>
      <object_component id="oc-a11">
         <name>.debug_line</name>
         <load_address>0xf47</load_address>
         <run_address>0xf47</run_address>
         <size>0x20</size>
         <input_file_ref idref="fl-1c"/>
      </object_component>
      <object_component id="oc-8ee">
         <name>.debug_line</name>
         <load_address>0xf67</load_address>
         <run_address>0xf67</run_address>
         <size>0x5a</size>
         <input_file_ref idref="fl-1c"/>
      </object_component>
      <object_component id="oc-903">
         <name>.debug_line</name>
         <load_address>0xfc1</load_address>
         <run_address>0xfc1</run_address>
         <size>0x5a</size>
         <input_file_ref idref="fl-1c"/>
      </object_component>
      <object_component id="oc-8fe">
         <name>.debug_line</name>
         <load_address>0x101b</load_address>
         <run_address>0x101b</run_address>
         <size>0x5e</size>
         <input_file_ref idref="fl-1c"/>
      </object_component>
      <object_component id="oc-8f8">
         <name>.debug_line</name>
         <load_address>0x1079</load_address>
         <run_address>0x1079</run_address>
         <size>0x68</size>
         <input_file_ref idref="fl-1c"/>
      </object_component>
      <object_component id="oc-a17">
         <name>.debug_line</name>
         <load_address>0x10e1</load_address>
         <run_address>0x10e1</run_address>
         <size>0x20</size>
         <input_file_ref idref="fl-1e"/>
      </object_component>
      <object_component id="oc-862">
         <name>.debug_line</name>
         <load_address>0x1101</load_address>
         <run_address>0x1101</run_address>
         <size>0x5d</size>
         <input_file_ref idref="fl-1e"/>
      </object_component>
      <object_component id="oc-93f">
         <name>.debug_line</name>
         <load_address>0x115e</load_address>
         <run_address>0x115e</run_address>
         <size>0x63</size>
         <input_file_ref idref="fl-1e"/>
      </object_component>
      <object_component id="oc-945">
         <name>.debug_line</name>
         <load_address>0x11c1</load_address>
         <run_address>0x11c1</run_address>
         <size>0x5d</size>
         <input_file_ref idref="fl-1e"/>
      </object_component>
      <object_component id="oc-94b">
         <name>.debug_line</name>
         <load_address>0x121e</load_address>
         <run_address>0x121e</run_address>
         <size>0x5d</size>
         <input_file_ref idref="fl-1e"/>
      </object_component>
      <object_component id="oc-952">
         <name>.debug_line</name>
         <load_address>0x127b</load_address>
         <run_address>0x127b</run_address>
         <size>0x5d</size>
         <input_file_ref idref="fl-1e"/>
      </object_component>
[...]
         <name>UCB1TBCNT</name>
         <value>0x68a</value>
      </symbol>
      <symbol id="sm-6de">
         <name>UCB1TBCNT_L</name>
         <value>0x68a</value>
      </symbol>
      <symbol id="sm-6df">
         <name>UCB1TBCNT_H</name>
         <value>0x68b</value>
      </symbol>
      <symbol id="sm-6e0">
         <name>UCB1RXBUF</name>
         <value>0x68c</value>
      </symbol>
      <symbol id="sm-6e1">
         <name>UCB1RXBUF_L</name>
         <value>0x68c</value>
      </symbol>
      <symbol id="sm-6e2">
         <name>UCB1RXBUF_H</name>
         <value>0x68d</value>
      </symbol>
      <symbol id="sm-6e3">
         <name>UCB1TXBUF</name>
         <value>0x68e</value>
      </symbol>
      <symbol id="sm-6e4">
         <name>UCB1TXBUF_L</name>
         <value>0x68e</value>
      </symbol>
      <symbol id="sm-6e5">
         <name>UCB1TXBUF_H</name>
         <value>0x68f</value>
      </symbol>
      <symbol id="sm-6e6">
         <name>UCB1I2COA0</name>
         <value>0x694</value>
      </symbol>
      <symbol id="sm-6e7">
         <name>UCB1I2COA0_L</name>
         <value>0x694</value>
      </symbol>
      <symbol id="sm-6e8">
         <name>UCB1I2COA0_H</name>
         <value>0x695</value>
      </symbol>
      <symbol id="sm-6e9">
         <name>UCB1I2COA1</name>
         <value>0x696</value>
      </symbol>
      <symbol id="sm-6ea">
         <name>UCB1I2COA1_L</name>
         <value>0x696</value>
      </symbol>
      <symbol id="sm-6eb">
         <name>UCB1I2COA1_H</name>
         <value>0x697</value>
      </symbol>
      <symbol id="sm-6ec">
         <name>UCB1I2COA2</name>
         <value>0x698</value>
      </symbol>
      <symbol id="sm-6ed">
         <name>UCB1I2COA2_L</name>
         <value>0x698</value>
      </symbol>
      <symbol id="sm-6ee">
         <name>UCB1I2COA2_H</name>
         <value>0x699</value>
      </symbol>
      <symbol id="sm-6ef">
         <name>UCB1I2COA3</name>
         <value>0x69a</value>
      </symbol>
      <symbol id="sm-6f0">
         <name>UCB1I2COA3_L</name>
         <value>0x69a</value>
      </symbol>
      <symbol id="sm-6f1">
         <name>UCB1I2COA3_H</name>
         <value>0x69b</value>
      </symbol>
      <symbol id="sm-6f2">
         <name>UCB1ADDRX</name>
         <value>0x69c</value>
      </symbol>
      <symbol id="sm-6f3">
         <name>UCB1ADDRX_L</name>
         <value>0x69c</value>
      </symbol>
      <symbol id="sm-6f4">
         <name>UCB1ADDRX_H</name>
         <value>0x69d</value>
      </symbol>
      <symbol id="sm-6f5">
         <name>UCB1ADDMASK</name>
         <value>0x69e</value>
      </symbol>
      <symbol id="sm-6f6">
         <name>UCB1ADDMASK_L</name>
         <value>0x69e</value>
      </symbol>
      <symbol id="sm-6f7">
         <name>UCB1ADDMASK_H</name>
         <value>0x69f</value>
      </symbol>
      <symbol id="sm-6f8">
         <name>UCB1I2CSA</name>
         <value>0x6a0</value>
      </symbol>
      <symbol id="sm-6f9">
         <name>UCB1I2CSA_L</name>
         <value>0x6a0</value>
      </symbol>
      <symbol id="sm-6fa">
         <name>UCB1I2CSA_H</name>
         <value>0x6a1</value>
      </symbol>
      <symbol id="sm-6fb">
         <name>UCB1IE</name>
         <value>0x6aa</value>
      </symbol>
      <symbol id="sm-6fc">
         <name>UCB1IE_L</name>
         <value>0x6aa</value>
      </symbol>
      <symbol id="sm-6fd">
         <name>UCB1IE_H</name>
         <value>0x6ab</value>
      </symbol>
      <symbol id="sm-6fe">
         <name>UCB1IFG</name>
         <value>0x6ac</value>
      </symbol>
      <symbol id="sm-6ff">
         <name>UCB1IFG_L</name>
         <value>0x6ac</value>
      </symbol>
      <symbol id="sm-700">
         <name>UCB1IFG_H</name>
         <value>0x6ad</value>
      </symbol>
      <symbol id="sm-701">
         <name>UCB1IV</name>
         <value>0x6ae</value>
      </symbol>
      <symbol id="sm-702">
         <name>UCB1IV_L</name>
         <value>0x6ae</value>
      </symbol>
      <symbol id="sm-703">
         <name>UCB1IV_H</name>
         <value>0x6af</value>
      </symbol>
      <symbol id="sm-704">
         <name>fram_rw_start</name>
         <value>0x4000</value>
      </symbol>
      <symbol id="sm-705">
         <name>fram_ipe_start</name>
         <value>0x4000</value>
      </symbol>
      <symbol id="sm-706">
         <name>fram_ipe_end</name>
         <value>0x4000</value>
      </symbol>
      <symbol id="sm-707">
         <name>fram_rx_start</name>
         <value>0x4000</value>
      </symbol>
      <symbol id="sm-708">
         <name>__TI_CINIT_Base</name>
         <value>0x40f0</value>
      </symbol>
      <symbol id="sm-709">
         <name>__TI_CINIT_Limit</name>
         <value>0x40f8</value>
      </symbol>
      <symbol id="sm-70a">
         <name>__TI_CINIT_Warm</name>
         <value>0x40f8</value>
      </symbol>
      <symbol id="sm-70b">
         <name>__TI_Handler_Table_Base</name>
         <value>0x40e8</value>
      </symbol>
      <symbol id="sm-70c">
         <name>__TI_Handler_Table_Limit</name>
         <value>0x40f0</value>
      </symbol>
      <symbol id="sm-70d">
         <name>__STACK_SIZE</name>
         <value>0xa0</value>
      </symbol>
      <symbol id="sm-70e">
         <name>__STACK_END</name>
         <value>0x2c00</value>
      </symbol>
      <symbol id="sm-70f">
         <name>__c_args__</name>
         <value>0xffffffff</value>
      </symbol>
      <symbol id="sm-710">
         <name>__TI_pprof_out_hndl</name>
         <value>0xffffffff</value>
      </symbol>
      <symbol id="sm-711">
         <name>__TI_prof_data_start</name>
         <value>0xffffffff</value>
      </symbol>
      <symbol id="sm-712">
         <name>__TI_prof_data_size</name>
         <value>0xffffffff</value>
      </symbol>
      <symbol id="sm-7e0">
         <name>__TI_int28</name>
         <value>0xffc8</value>
         <object_component_ref idref="oc-9e"/>
      </symbol>
      <symbol id="sm-7e1">
         <name>__TI_int37</name>
         <value>0xffda</value>
         <object_component_ref idref="oc-a7"/>
      </symbol>
      <symbol id="sm-7e2">
         <name>SDHS_ISR</name>
         <value>0x4000</value>
         <object_component_ref idref="oc-7e1"/>
      </symbol>
      <symbol id="sm-7e3">
         <name>Timer4_A0_ISR</name>
         <value>0x4060</value>
         <object_component_ref idref="oc-7ec"/>
      </symbol>
      <symbol id="sm-7e4">
         <name>__TI_int14</name>
         <value>0xffac</value>
         <object_component_ref idref="oc-90"/>
      </symbol>
      <symbol id="sm-7e5">
         <name>main</name>
         <value>0x10000</value>
         <object_component_ref idref="oc-872"/>
      </symbol>
      <symbol id="sm-7e6">
         <name>Timer2_A1_ISR</name>
         <value>0x4044</value>
         <object_component_ref idref="oc-7f2"/>
      </symbol>
      <symbol id="sm-7e7">
         <name>results</name>
         <value>0x2c00</value>
         <object_component_ref idref="oc-7c2"/>
      </symbol>
      <symbol id="sm-822">
         <name>CS_setDCOFreq</name>
         <value>0x10254</value>
         <object_component_ref idref="oc-8e4"/>
      </symbol>
      <symbol id="sm-823">
         <name>CS_initClockSignal</name>
         <value>0x10502</value>
         <object_component_ref idref="oc-8de"/>
      </symbol>
      <symbol id="sm-833">
         <name>FRAMCtl_A_configureWaitStateControl</name>
         <value>0x1070a</value>
         <object_component_ref idref="oc-8d8"/>
      </symbol>
      <symbol id="sm-84e">
         <name>GPIO_setAsOutputPin</name>
         <value>0x10656</value>
         <object_component_ref idref="oc-8cc"/>
      </symbol>
      <symbol id="sm-84f">
         <name>GPIO_toggleOutputOnPin</name>
         <value>0x106d6</value>
         <object_component_ref idref="oc-848"/>
      </symbol>
      <symbol id="sm-870">
         <name>HSPLL_getOscillatorStatus</name>
         <value>0x10782</value>
         <object_component_ref idref="oc-90b"/>
      </symbol>
      <symbol id="sm-871">
         <name>HSPLL_init</name>
         <value>0x106f2</value>
         <object_component_ref idref="oc-91a"/>
      </symbol>
      <symbol id="sm-872">
         <name>HSPLL_isLocked</name>
         <value>0x1078e</value>
         <object_component_ref idref="oc-92c"/>
      </symbol>
      <symbol id="sm-873">
         <name>HSPLL_xtalInit</name>
         <value>0x10736</value>
         <object_component_ref idref="oc-905"/>
      </symbol>
      <symbol id="sm-880">
         <name>PMM_unlockLPM5</name>
         <value>0x1082c</value>
         <object_component_ref idref="oc-8d2"/>
      </symbol>
      <symbol id="sm-8a7">
         <name>SAPH_unlock</name>
         <value>0x1079a</value>
         <object_component_ref idref="oc-8ea"/>
      </symbol>
      <symbol id="sm-8a8">
         <name>SAPH_configurePHYBias</name>
         <value>0x10394</value>
         <object_component_ref idref="oc-8f3"/>
      </symbol>
      <symbol id="sm-8a9">
         <name>SAPH_lock</name>
         <value>0x107fa</value>
         <object_component_ref idref="oc-8ff"/>
      </symbol>
      <symbol id="sm-8aa">
         <name>SAPH_configurePHYMultiplexer</name>
         <value>0x106b6</value>
         <object_component_ref idref="oc-8f9"/>
      </symbol>
      <symbol id="sm-8f6">
         <name>SDHS_endConversion</name>
         <value>0x107ca</value>
         <object_component_ref idref="oc-857"/>
      </symbol>
      <symbol id="sm-8f7">
         <name>SDHS_setPGAGain</name>
         <value>0x10818</value>
         <object_component_ref idref="oc-941"/>
      </symbol>
      <symbol id="sm-8f8">
         <name>SDHS_enableInterrupt</name>
         <value>0x107b2</value>
         <object_component_ref idref="oc-953"/>
      </symbol>
      <symbol id="sm-8f9">
         <name>SDHS_setDTCDestinationAddress</name>
         <value>0x10804</value>
         <object_component_ref idref="oc-94d"/>
      </symbol>
      <symbol id="sm-8fa">
         <name>SDHS_enable</name>
         <value>0x107a6</value>
         <object_component_ref idref="oc-95f"/>
      </symbol>
      <symbol id="sm-8fb">
         <name>SDHS_setTotalSampleSize</name>
         <value>0x10620</value>
         <object_component_ref idref="oc-93b"/>
      </symbol>
      <symbol id="sm-8fc">
         <name>SDHS_enableTrigger</name>
         <value>0x107be</value>
         <object_component_ref idref="oc-959"/>
      </symbol>
      <symbol id="sm-8fd">
         <name>SDHS_setModularOptimization</name>
         <value>0x1080e</value>
         <object_component_ref idref="oc-947"/>
      </symbol>
      <symbol id="sm-8fe">
         <name>SDHS_startConversion</name>
         <value>0x107d6</value>
         <object_component_ref idref="oc-85d"/>
      </symbol>
      <symbol id="sm-8ff">
         <name>SDHS_init</name>
         <value>0x1056c</value>
         <object_component_ref idref="oc-935"/>
      </symbol>
      <symbol id="sm-917">
         <name>Timer_A_initUpMode</name>
         <value>0x10410</value>
         <object_component_ref idref="oc-914"/>
      </symbol>
      <symbol id="sm-918">
         <name>Timer_A_startCounter</name>
         <value>0x107e2</value>
         <object_component_ref idref="oc-850"/>
      </symbol>
      <symbol id="sm-92a">
         <name>UUPS_turnOnPower</name>
         <value>0x1075e</value>
         <object_component_ref idref="oc-920"/>
      </symbol>
      <symbol id="sm-92b">
         <name>UUPS_getPowerModeStatus</name>
         <value>0x107ee</value>
         <object_component_ref idref="oc-926"/>
      </symbol>
      <symbol id="sm-934">
         <name>WDT_A_hold</name>
         <value>0x10720</value>
         <object_component_ref idref="oc-8c6"/>
      </symbol>
      <symbol id="sm-957">
         <name>__TI_decompress_lzss</name>
         <value>0x1048c</value>
         <object_component_ref idref="oc-84"/>
      </symbol>
      <symbol id="sm-968">
         <name>__TI_decompress_none</name>
         <value>0x10770</value>
         <object_component_ref idref="oc-8a"/>
      </symbol>
      <symbol id="sm-96b">
         <name>__TI_int15</name>
         <value>0xffae</value>
         <object_component_ref idref="oc-91"/>
      </symbol>
      <symbol id="sm-973">
         <name>__TI_ISR_TRAP</name>
         <value>0x4078</value>
         <object_component_ref idref="oc-7e7"/>
      </symbol>
      <symbol id="sm-976">
         <name>__TI_int16</name>
         <value>0xffb0</value>
         <object_component_ref idref="oc-92"/>
      </symbol>
      <symbol id="sm-979">
         <name>__TI_int17</name>
         <value>0xffb2</value>
         <object_component_ref idref="oc-93"/>
      </symbol>
      <symbol id="sm-97c">
         <name>__TI_int18</name>
         <value>0xffb4</value>
         <object_component_ref idref="oc-94"/>
      </symbol>
      <symbol id="sm-97f">
         <name>__TI_int19</name>
         <value>0xffb6</value>
         <object_component_ref idref="oc-95"/>
      </symbol>
      <symbol id="sm-982">
         <name>__TI_int20</name>
         <value>0xffb8</value>
         <object_component_ref idref="oc-96"/>
      </symbol>
      <symbol id="sm-985">
         <name>__TI_int21</name>
         <value>0xffba</value>
         <object_component_ref idref="oc-97"/>
      </symbol>
      <symbol id="sm-988">
         <name>__TI_int22</name>
         <value>0xffbc</value>
         <object_component_ref idref="oc-98"/>
      </symbol>
      <symbol id="sm-98b">
         <name>__TI_int23</name>
         <value>0xffbe</value>
         <object_component_ref idref="oc-99"/>
      </symbol>
      <symbol id="sm-98e">
         <name>__TI_int24</name>
         <value>0xffc0</value>
         <object_component_ref idref="oc-9a"/>
      </symbol>
      <symbol id="sm-991">
         <name>__TI_int25</name>
         <value>0xffc2</value>
         <object_component_ref idref="oc-9b"/>
      </symbol>
      <symbol id="sm-994">
         <name>__TI_int26</name>
         <value>0xffc4</value>
         <object_component_ref idref="oc-9c"/>
      </symbol>
      <symbol id="sm-997">
         <name>__TI_int27</name>
         <value>0xffc6</value>
         <object_component_ref idref="oc-9d"/>
      </symbol>
      <symbol id="sm-99a">
         <name>__TI_int29</name>
         <value>0xffca</value>
         <object_component_ref idref="oc-9f"/>
      </symbol>
      <symbol id="sm-99d">
         <name>__TI_int30</name>
         <value>0xffcc</value>
         <object_component_ref idref="oc-a0"/>
      </symbol>
      <symbol id="sm-9a0">
         <name>__TI_int31</name>
         <value>0xffce</value>
         <object_component_ref idref="oc-a1"/>
      </symbol>
      <symbol id="sm-9a3">
         <name>__TI_int32</name>
         <value>0xffd0</value>
         <object_component_ref idref="oc-a2"/>
      </symbol>
      <symbol id="sm-9a6">
         <name>__TI_int33</name>
         <value>0xffd2</value>
         <object_component_ref idref="oc-a3"/>
      </symbol>
      <symbol id="sm-9a9">
         <name>__TI_int34</name>
         <value>0xffd4</value>
         <object_component_ref idref="oc-a4"/>
      </symbol>
      <symbol id="sm-9ac">
         <name>__TI_int35</name>
         <value>0xffd6</value>
         <object_component_ref idref="oc-a5"/>
      </symbol>
      <symbol id="sm-9af">
         <name>__TI_int36</name>
         <value>0xffd8</value>
         <object_component_ref idref="oc-a6"/>
      </symbol>
      <symbol id="sm-9b2">
         <name>__TI_int38</name>
         <value>0xffdc</value>
         <object_component_ref idref="oc-a8"/>
      </symbol>
      <symbol id="sm-9b5">
         <name>__TI_int39</name>
         <value>0xffde</value>
         <object_component_ref idref="oc-a9"/>
      </symbol>
      <symbol id="sm-9b8">
         <name>__TI_int40</name>
         <value>0xffe0</value>
         <object_component_ref idref="oc-aa"/>
      </symbol>
      <symbol id="sm-9bb">
         <name>__TI_int41</name>
         <value>0xffe2</value>
         <object_component_ref idref="oc-ab"/>
      </symbol>
      <symbol id="sm-9be">
         <name>__TI_int42</name>
         <value>0xffe4</value>
         <object_component_ref idref="oc-ac"/>
      </symbol>
      <symbol id="sm-9c1">
         <name>__TI_int43</name>
         <value>0xffe6</value>
         <object_component_ref idref="oc-ad"/>
      </symbol>
      <symbol id="sm-9c4">
         <name>__TI_int44</name>
         <value>0xffe8</value>
         <object_component_ref idref="oc-ae"/>
      </symbol>
      <symbol id="sm-9c7">
         <name>__TI_int45</name>
         <value>0xffea</value>
         <object_component_ref idref="oc-af"/>
      </symbol>
      <symbol id="sm-9ca">
         <name>__TI_int46</name>
         <value>0xffec</value>
         <object_component_ref idref="oc-b0"/>
      </symbol>
      <symbol id="sm-9cd">
         <name>__TI_int47</name>
         <value>0xffee</value>
         <object_component_ref idref="oc-b1"/>
      </symbol>
      <symbol id="sm-9d0">
         <name>__TI_int48</name>
         <value>0xfff0</value>
         <object_component_ref idref="oc-b2"/>
      </symbol>
      <symbol id="sm-9d3">
         <name>__TI_int49</name>
         <value>0xfff2</value>
         <object_component_ref idref="oc-b3"/>
      </symbol>
      <symbol id="sm-9d6">
         <name>__TI_int50</name>
         <value>0xfff4</value>
         <object_component_ref idref="oc-b4"/>
      </symbol>
      <symbol id="sm-9d9">
         <name>__TI_int51</name>
         <value>0xfff6</value>
         <object_component_ref idref="oc-b5"/>
      </symbol>
      <symbol id="sm-9dc">
         <name>__TI_int52</name>
         <value>0xfff8</value>
         <object_component_ref idref="oc-b6"/>
      </symbol>
      <symbol id="sm-9df">
         <name>__TI_int53</name>
         <value>0xfffa</value>
         <object_component_ref idref="oc-b7"/>
      </symbol>
      <symbol id="sm-9e2">
         <name>__TI_int54</name>
         <value>0xfffc</value>
         <object_component_ref idref="oc-b8"/>
      </symbol>
      <symbol id="sm-9f6">
         <name>__mspabi_slli</name>
         <value>0x10822</value>
         <object_component_ref idref="oc-9b9"/>
      </symbol>
      <symbol id="sm-a08">
         <name>_c_int00_noargs_mpu</name>
         <value>0x4024</value>
         <object_component_ref idref="oc-822"/>
      </symbol>
      <symbol id="sm-a09">
         <name>_stack</name>
         <value>0x2b60</value>
         <object_component_ref idref="oc-7c5"/>
      </symbol>
      <symbol id="sm-a0a">
         <name>_reset_vector</name>
         <value>0xfffe</value>
         <object_component_ref idref="oc-7c8"/>
      </symbol>
      <symbol id="sm-a13">
         <name>__mpu_init</name>
         <value>0x1068a</value>
         <object_component_ref idref="oc-884"/>
      </symbol>
      <symbol id="sm-a37">
         <name>__TI_auto_init_nobinit_nopinit_hold_wdt</name>
         <value>0x105cc</value>
         <object_component_ref idref="oc-98d"/>
      </symbol>
      <symbol id="sm-a40">
         <name>_system_post_cinit</name>
         <value>0x1083c</value>
         <object_component_ref idref="oc-9ec"/>
      </symbol>
      <symbol id="sm-a49">
         <name>_system_pre_init</name>
         <value>0x10838</value>
         <object_component_ref idref="oc-86c"/>
      </symbol>
      <symbol id="sm-a59">
         <name>C$$EXIT</name>
         <value>0x10832</value>
         <object_component_ref idref="oc-969"/>
      </symbol>
      <symbol id="sm-a5a">
         <name>abort</name>
         <value>0x10832</value>
         <object_component_ref idref="oc-969"/>
      </symbol>
      <symbol id="sm-a6a">
         <name>memcpy</name>
         <value>0x1074a</value>
         <object_component_ref idref="oc-7d4"/>
      </symbol>
   </symbol_table>
   <title>Link successful</title>
</link_info>
